[0.733s] DEBUG:colcon:Command line arguments: ['/usr/bin/colcon', 'build', '--symlink-install', '--packages-select', 'slam_playground']
[0.734s] DEBUG:colcon:Parsed command line arguments: Namespace(log_base=None, log_level=None, verb_name='build', build_base='build', install_base='install', merge_install=False, symlink_install=True, test_result_base=None, continue_on_error=False, executor='parallel', parallel_workers=8, event_handlers=None, ignore_user_meta=False, metas=['./colcon.meta'], base_paths=['.'], packages_ignore=None, packages_ignore_regex=None, paths=None, packages_up_to=None, packages_up_to_regex=None, packages_above=None, packages_above_and_dependencies=None, packages_above_depth=None, packages_select_by_dep=None, packages_skip_by_dep=None, packages_skip_up_to=None, packages_select_build_failed=False, packages_skip_build_finished=False, packages_select_test_failures=False, packages_skip_test_passed=False, packages_select=['slam_playground'], packages_skip=None, packages_select_regex=None, packages_skip_regex=None, packages_start=None, packages_end=None, allow_overriding=[], cmake_args=None, cmake_target=None, cmake_target_skip_unavailable=False, cmake_clean_cache=False, cmake_clean_first=False, cmake_force_configure=False, ament_cmake_args=None, catkin_cmake_args=None, catkin_skip_building_tests=False, verb_parser=<colcon_defaults.argument_parser.defaults.DefaultArgumentsDecorator object at 0x7bd7f5255bb0>, verb_extension=<colcon_core.verb.build.BuildVerb object at 0x7bd7f53f70e0>, main=<bound method BuildVerb.main of <colcon_core.verb.build.BuildVerb object at 0x7bd7f53f70e0>>)
[0.869s] Level 1:colcon.colcon_core.package_discovery:discover_packages(colcon_meta) check parameters
[0.869s] Level 1:colcon.colcon_core.package_discovery:discover_packages(recursive) check parameters
[0.869s] Level 1:colcon.colcon_core.package_discovery:discover_packages(ignore) check parameters
[0.869s] Level 1:colcon.colcon_core.package_discovery:discover_packages(path) check parameters
[0.870s] Level 1:colcon.colcon_core.package_discovery:discover_packages(colcon_meta) discover
[0.870s] Level 1:colcon.colcon_core.package_discovery:discover_packages(recursive) discover
[0.870s] INFO:colcon.colcon_core.package_discovery:Crawling recursively for packages in '/home/moritz/slam_sim_ws'
[0.871s] Level 1:colcon.colcon_core.package_identification:_identify(.) by extensions ['ignore', 'ignore_ament_install']
[0.871s] Level 1:colcon.colcon_core.package_identification:_identify(.) by extension 'ignore'
[0.871s] Level 1:colcon.colcon_core.package_identification:_identify(.) by extension 'ignore_ament_install'
[0.871s] Level 1:colcon.colcon_core.package_identification:_identify(.) by extensions ['colcon_pkg']
[0.872s] Level 1:colcon.colcon_core.package_identification:_identify(.) by extension 'colcon_pkg'
[0.872s] Level 1:colcon.colcon_core.package_identification:_identify(.) by extensions ['colcon_meta']
[0.872s] Level 1:colcon.colcon_core.package_identification:_identify(.) by extension 'colcon_meta'
[0.872s] Level 1:colcon.colcon_core.package_identification:_identify(.) by extensions ['ros']
[0.872s] Level 1:colcon.colcon_core.package_identification:_identify(.) by extension 'ros'
[0.964s] Level 1:colcon.colcon_core.package_identification:_identify(.) by extensions ['cmake', 'python']
[0.964s] Level 1:colcon.colcon_core.package_identification:_identify(.) by extension 'cmake'
[0.965s] Level 1:colcon.colcon_core.package_identification:_identify(.) by extension 'python'
[0.965s] Level 1:colcon.colcon_core.package_identification:_identify(.) by extensions ['python_setup_py']
[0.965s] Level 1:colcon.colcon_core.package_identification:_identify(.) by extension 'python_setup_py'
[0.965s] Level 1:colcon.colcon_core.package_identification:_identify(build) by extensions ['ignore', 'ignore_ament_install']
[0.966s] Level 1:colcon.colcon_core.package_identification:_identify(build) by extension 'ignore'
[0.966s] Level 1:colcon.colcon_core.package_identification:_identify(build) ignored
[0.966s] Level 1:colcon.colcon_core.package_identification:_identify(install) by extensions ['ignore', 'ignore_ament_install']
[0.967s] Level 1:colcon.colcon_core.package_identification:_identify(install) by extension 'ignore'
[0.967s] Level 1:colcon.colcon_core.package_identification:_identify(install) ignored
[0.967s] Level 1:colcon.colcon_core.package_identification:_identify(log) by extensions ['ignore', 'ignore_ament_install']
[0.968s] Level 1:colcon.colcon_core.package_identification:_identify(log) by extension 'ignore'
[0.968s] Level 1:colcon.colcon_core.package_identification:_identify(log) ignored
[0.968s] Level 1:colcon.colcon_core.package_identification:_identify(src) by extensions ['ignore', 'ignore_ament_install']
[0.968s] Level 1:colcon.colcon_core.package_identification:_identify(src) by extension 'ignore'
[0.969s] Level 1:colcon.colcon_core.package_identification:_identify(src) by extension 'ignore_ament_install'
[0.969s] Level 1:colcon.colcon_core.package_identification:_identify(src) by extensions ['colcon_pkg']
[0.969s] Level 1:colcon.colcon_core.package_identification:_identify(src) by extension 'colcon_pkg'
[0.969s] Level 1:colcon.colcon_core.package_identification:_identify(src) by extensions ['colcon_meta']
[0.969s] Level 1:colcon.colcon_core.package_identification:_identify(src) by extension 'colcon_meta'
[0.969s] Level 1:colcon.colcon_core.package_identification:_identify(src) by extensions ['ros']
[0.970s] Level 1:colcon.colcon_core.package_identification:_identify(src) by extension 'ros'
[0.970s] Level 1:colcon.colcon_core.package_identification:_identify(src) by extensions ['cmake', 'python']
[0.970s] Level 1:colcon.colcon_core.package_identification:_identify(src) by extension 'cmake'
[0.970s] Level 1:colcon.colcon_core.package_identification:_identify(src) by extension 'python'
[0.970s] Level 1:colcon.colcon_core.package_identification:_identify(src) by extensions ['python_setup_py']
[0.971s] Level 1:colcon.colcon_core.package_identification:_identify(src) by extension 'python_setup_py'
[0.972s] Level 1:colcon.colcon_core.package_identification:_identify(src/slam_playground) by extensions ['ignore', 'ignore_ament_install']
[0.973s] Level 1:colcon.colcon_core.package_identification:_identify(src/slam_playground) by extension 'ignore'
[0.973s] Level 1:colcon.colcon_core.package_identification:_identify(src/slam_playground) by extension 'ignore_ament_install'
[0.974s] Level 1:colcon.colcon_core.package_identification:_identify(src/slam_playground) by extensions ['colcon_pkg']
[0.974s] Level 1:colcon.colcon_core.package_identification:_identify(src/slam_playground) by extension 'colcon_pkg'
[0.975s] Level 1:colcon.colcon_core.package_identification:_identify(src/slam_playground) by extensions ['colcon_meta']
[0.976s] Level 1:colcon.colcon_core.package_identification:_identify(src/slam_playground) by extension 'colcon_meta'
[0.976s] Level 1:colcon.colcon_core.package_identification:_identify(src/slam_playground) by extensions ['ros']
[0.976s] Level 1:colcon.colcon_core.package_identification:_identify(src/slam_playground) by extension 'ros'
[0.984s] DEBUG:colcon.colcon_core.package_identification:Package 'src/slam_playground' with type 'ros.ament_python' and name 'slam_playground'
[0.984s] Level 1:colcon.colcon_core.package_discovery:discover_packages(recursive) using defaults
[0.984s] Level 1:colcon.colcon_core.package_discovery:discover_packages(ignore) discover
[0.984s] Level 1:colcon.colcon_core.package_discovery:discover_packages(ignore) using defaults
[0.984s] Level 1:colcon.colcon_core.package_discovery:discover_packages(path) discover
[0.984s] Level 1:colcon.colcon_core.package_discovery:discover_packages(path) using defaults
[1.044s] Level 1:colcon.colcon_core.package_discovery:discover_packages(prefix_path) check parameters
[1.044s] Level 1:colcon.colcon_core.package_discovery:discover_packages(prefix_path) discover
[1.048s] DEBUG:colcon.colcon_installed_package_information.package_discovery:Found 1 installed packages in /home/moritz/slam_sim_ws/install
[1.052s] DEBUG:colcon.colcon_installed_package_information.package_discovery:Found 330 installed packages in /opt/ros/jazzy
[1.055s] Level 1:colcon.colcon_core.package_discovery:discover_packages(prefix_path) using defaults
[1.199s] Level 5:colcon.colcon_core.verb:set package 'slam_playground' build argument 'cmake_args' from command line to 'None'
[1.199s] Level 5:colcon.colcon_core.verb:set package 'slam_playground' build argument 'cmake_target' from command line to 'None'
[1.200s] Level 5:colcon.colcon_core.verb:set package 'slam_playground' build argument 'cmake_target_skip_unavailable' from command line to 'False'
[1.200s] Level 5:colcon.colcon_core.verb:set package 'slam_playground' build argument 'cmake_clean_cache' from command line to 'False'
[1.200s] Level 5:colcon.colcon_core.verb:set package 'slam_playground' build argument 'cmake_clean_first' from command line to 'False'
[1.200s] Level 5:colcon.colcon_core.verb:set package 'slam_playground' build argument 'cmake_force_configure' from command line to 'False'
[1.200s] Level 5:colcon.colcon_core.verb:set package 'slam_playground' build argument 'ament_cmake_args' from command line to 'None'
[1.200s] Level 5:colcon.colcon_core.verb:set package 'slam_playground' build argument 'catkin_cmake_args' from command line to 'None'
[1.200s] Level 5:colcon.colcon_core.verb:set package 'slam_playground' build argument 'catkin_skip_building_tests' from command line to 'False'
[1.200s] DEBUG:colcon.colcon_core.verb:Building package 'slam_playground' with the following arguments: {'ament_cmake_args': None, 'build_base': '/home/moritz/slam_sim_ws/build/slam_playground', 'catkin_cmake_args': None, 'catkin_skip_building_tests': False, 'cmake_args': None, 'cmake_clean_cache': False, 'cmake_clean_first': False, 'cmake_force_configure': False, 'cmake_target': None, 'cmake_target_skip_unavailable': False, 'install_base': '/home/moritz/slam_sim_ws/install/slam_playground', 'merge_install': False, 'path': '/home/moritz/slam_sim_ws/src/slam_playground', 'symlink_install': True, 'test_result_base': None}
[1.201s] INFO:colcon.colcon_core.executor:Executing jobs using 'parallel' executor
[1.203s] DEBUG:colcon.colcon_parallel_executor.executor.parallel:run_until_complete
[1.204s] INFO:colcon.colcon_ros.task.ament_python.build:Building ROS package in '/home/moritz/slam_sim_ws/src/slam_playground' with build type 'ament_python'
[1.205s] Level 1:colcon.colcon_core.shell:create_environment_hook('slam_playground', 'ament_prefix_path')
[1.212s] INFO:colcon.colcon_core.plugin_system:Skipping extension 'colcon_core.shell.bat': Not used on non-Windows systems
[1.213s] INFO:colcon.colcon_core.shell:Creating environment hook '/home/moritz/slam_sim_ws/install/slam_playground/share/slam_playground/hook/ament_prefix_path.ps1'
[1.214s] INFO:colcon.colcon_core.shell:Creating environment descriptor '/home/moritz/slam_sim_ws/install/slam_playground/share/slam_playground/hook/ament_prefix_path.dsv'
[1.215s] INFO:colcon.colcon_core.shell:Creating environment hook '/home/moritz/slam_sim_ws/install/slam_playground/share/slam_playground/hook/ament_prefix_path.sh'
[1.217s] INFO:colcon.colcon_core.shell:Skip shell extension 'powershell' for command environment: Not usable outside of PowerShell
[1.217s] DEBUG:colcon.colcon_core.shell:Skip shell extension 'dsv' for command environment
[2.000s] INFO:colcon.colcon_core.task.python.build:Building Python package in '/home/moritz/slam_sim_ws/src/slam_playground'
[2.001s] INFO:colcon.colcon_core.shell:Skip shell extension 'powershell' for command environment: Not usable outside of PowerShell
[2.001s] DEBUG:colcon.colcon_core.shell:Skip shell extension 'dsv' for command environment
[3.851s] DEBUG:colcon.colcon_core.task.python.build:Available setuptools commands: test, compile_catalog, bdist_dumb, develop, bdist_rpm, upload, symlink_data, dist_info, egg_info, build_scripts, init_catalog, install_headers, build, build_ext, setopt, build_clib, editable_wheel, install_lib, install_scripts, easy_install, saveopts, install, build_py, clean, extract_messages, update_catalog, install_egg_info, install_data, sdist, rotate, check, bdist, bdist_egg, alias, upload_docs, register
[4.826s] DEBUG:colcon.colcon_core.task.python.build:Available setuptools 'develop' options: --site-dirs, --user, --find-links, --build-directory, --upgrade, --prefix, --script-dir, --allow-hosts, --always-unzip, --no-user-cfg, --index-url, --install-dir, --multi-version, --force-installation-into-system-dir, --zip-ok, --help, --install-layout, --no-find-links, --always-copy, --record, --egg-path, --exclude-scripts, --local-snapshots-ok, --no-deps, --version, --quiet, --verbose, --uninstall, --editable, --dry-run, --optimize
[4.838s] DEBUG:colcon.colcon_core.event_handler.log_command:Invoking command in '/home/moritz/slam_sim_ws/build/slam_playground': CONDA_PROMPT_MODIFIER=(base) PYTHONPATH=/home/moritz/slam_sim_ws/build/slam_playground/prefix_override:/usr/lib/python3/dist-packages/colcon_core/task/python/colcon_distutils_commands:/home/moritz/slam_sim_ws/install/slam_playground/lib/python3.12/site-packages:${PYTHONPATH} /usr/bin/python3 -W ignore:setup.py install is deprecated -W ignore:easy_install command is deprecated setup.py develop --editable --build-directory /home/moritz/slam_sim_ws/build/slam_playground/build --no-deps symlink_data
[6.819s] Level 1:colcon.colcon_core.shell:create_environment_hook('slam_playground', 'pythonpath_develop')
[6.820s] INFO:colcon.colcon_core.shell:Creating environment hook '/home/moritz/slam_sim_ws/build/slam_playground/share/slam_playground/hook/pythonpath_develop.ps1'
[6.822s] DEBUG:colcon.colcon_core.event_handler.log_command:Invoked command in '/home/moritz/slam_sim_ws/build/slam_playground' returned '0': CONDA_PROMPT_MODIFIER=(base) PYTHONPATH=/home/moritz/slam_sim_ws/build/slam_playground/prefix_override:/usr/lib/python3/dist-packages/colcon_core/task/python/colcon_distutils_commands:/home/moritz/slam_sim_ws/install/slam_playground/lib/python3.12/site-packages:${PYTHONPATH} /usr/bin/python3 -W ignore:setup.py install is deprecated -W ignore:easy_install command is deprecated setup.py develop --editable --build-directory /home/moritz/slam_sim_ws/build/slam_playground/build --no-deps symlink_data
[6.824s] INFO:colcon.colcon_core.shell:Creating environment descriptor '/home/moritz/slam_sim_ws/build/slam_playground/share/slam_playground/hook/pythonpath_develop.dsv'
[6.825s] INFO:colcon.colcon_core.shell:Creating environment hook '/home/moritz/slam_sim_ws/build/slam_playground/share/slam_playground/hook/pythonpath_develop.sh'
[6.833s] Level 1:colcon.colcon_core.environment:checking '/home/moritz/slam_sim_ws/install/slam_playground' for CMake module files
[6.835s] Level 1:colcon.colcon_core.environment:checking '/home/moritz/slam_sim_ws/install/slam_playground' for CMake config files
[6.837s] Level 1:colcon.colcon_core.environment:checking '/home/moritz/slam_sim_ws/install/slam_playground/lib'
[6.838s] Level 1:colcon.colcon_core.environment:checking '/home/moritz/slam_sim_ws/install/slam_playground/bin'
[6.838s] Level 1:colcon.colcon_core.environment:checking '/home/moritz/slam_sim_ws/install/slam_playground/lib/pkgconfig/slam_playground.pc'
[6.839s] Level 1:colcon.colcon_core.environment:checking '/home/moritz/slam_sim_ws/install/slam_playground/lib/python3.12/site-packages'
[6.839s] Level 1:colcon.colcon_core.shell:create_environment_hook('slam_playground', 'pythonpath')
[6.840s] INFO:colcon.colcon_core.shell:Creating environment hook '/home/moritz/slam_sim_ws/install/slam_playground/share/slam_playground/hook/pythonpath.ps1'
[6.841s] INFO:colcon.colcon_core.shell:Creating environment descriptor '/home/moritz/slam_sim_ws/install/slam_playground/share/slam_playground/hook/pythonpath.dsv'
[6.843s] INFO:colcon.colcon_core.shell:Creating environment hook '/home/moritz/slam_sim_ws/install/slam_playground/share/slam_playground/hook/pythonpath.sh'
[6.845s] Level 1:colcon.colcon_core.environment:checking '/home/moritz/slam_sim_ws/install/slam_playground/bin'
[6.846s] Level 1:colcon.colcon_core.environment:create_environment_scripts_only(slam_playground)
[6.846s] INFO:colcon.colcon_core.shell:Creating package script '/home/moritz/slam_sim_ws/install/slam_playground/share/slam_playground/package.ps1'
[6.849s] INFO:colcon.colcon_core.shell:Creating package descriptor '/home/moritz/slam_sim_ws/install/slam_playground/share/slam_playground/package.dsv'
[6.853s] INFO:colcon.colcon_core.shell:Creating package script '/home/moritz/slam_sim_ws/install/slam_playground/share/slam_playground/package.sh'
[6.856s] INFO:colcon.colcon_core.shell:Creating package script '/home/moritz/slam_sim_ws/install/slam_playground/share/slam_playground/package.bash'
[6.858s] INFO:colcon.colcon_core.shell:Creating package script '/home/moritz/slam_sim_ws/install/slam_playground/share/slam_playground/package.zsh'
[6.860s] Level 1:colcon.colcon_core.environment:create_file_with_runtime_dependencies(/home/moritz/slam_sim_ws/install/slam_playground/share/colcon-core/packages/slam_playground)
[6.861s] DEBUG:colcon.colcon_parallel_executor.executor.parallel:closing loop
[6.864s] DEBUG:colcon.colcon_parallel_executor.executor.parallel:loop closed
[6.864s] DEBUG:colcon.colcon_parallel_executor.executor.parallel:run_until_complete finished with '0'
[6.865s] DEBUG:colcon.colcon_core.event_reactor:joining thread
[7.101s] INFO:colcon.colcon_core.plugin_system:Skipping extension 'colcon_notification.desktop_notification.notify_send': Could not find 'notify-send'
[7.102s] INFO:colcon.colcon_core.plugin_system:Skipping extension 'colcon_notification.desktop_notification.terminal_notifier': Not used on non-Darwin systems
[7.102s] INFO:colcon.colcon_core.plugin_system:Skipping extension 'colcon_notification.desktop_notification.win32': Not used on non-Windows systems
[7.102s] INFO:colcon.colcon_notification.desktop_notification:Sending desktop notification using 'notify2'
[7.118s] DEBUG:colcon.colcon_notification.desktop_notification.notify2:Failed to initialize notify2: org.freedesktop.DBus.Error.ServiceUnknown: The name org.freedesktop.Notifications was not provided by any .service files
[7.119s] DEBUG:colcon.colcon_core.event_reactor:joined thread
[7.120s] INFO:colcon.colcon_core.shell:Creating prefix script '/home/moritz/slam_sim_ws/install/local_setup.ps1'
[7.122s] INFO:colcon.colcon_core.shell:Creating prefix util module '/home/moritz/slam_sim_ws/install/_local_setup_util_ps1.py'
[7.125s] INFO:colcon.colcon_core.shell:Creating prefix chain script '/home/moritz/slam_sim_ws/install/setup.ps1'
[7.129s] INFO:colcon.colcon_core.shell:Creating prefix script '/home/moritz/slam_sim_ws/install/local_setup.sh'
[7.130s] INFO:colcon.colcon_core.shell:Creating prefix util module '/home/moritz/slam_sim_ws/install/_local_setup_util_sh.py'
[7.132s] INFO:colcon.colcon_core.shell:Creating prefix chain script '/home/moritz/slam_sim_ws/install/setup.sh'
[7.135s] INFO:colcon.colcon_core.shell:Creating prefix script '/home/moritz/slam_sim_ws/install/local_setup.bash'
[7.137s] INFO:colcon.colcon_core.shell:Creating prefix chain script '/home/moritz/slam_sim_ws/install/setup.bash'
[7.139s] INFO:colcon.colcon_core.shell:Creating prefix script '/home/moritz/slam_sim_ws/install/local_setup.zsh'
[7.140s] INFO:colcon.colcon_core.shell:Creating prefix chain script '/home/moritz/slam_sim_ws/install/setup.zsh'
