[0.274s] DEBUG:colcon:Command line arguments: ['/usr/bin/colcon', 'build', '--symlink-install', '--packages-select', 'slam_playground']
[0.274s] DEBUG:colcon:Parsed command line arguments: Namespace(log_base=None, log_level=None, verb_name='build', build_base='build', install_base='install', merge_install=False, symlink_install=True, test_result_base=None, continue_on_error=False, executor='parallel', parallel_workers=8, event_handlers=None, ignore_user_meta=False, metas=['./colcon.meta'], base_paths=['.'], packages_ignore=None, packages_ignore_regex=None, paths=None, packages_up_to=None, packages_up_to_regex=None, packages_above=None, packages_above_and_dependencies=None, packages_above_depth=None, packages_select_by_dep=None, packages_skip_by_dep=None, packages_skip_up_to=None, packages_select_build_failed=False, packages_skip_build_finished=False, packages_select_test_failures=False, packages_skip_test_passed=False, packages_select=['slam_playground'], packages_skip=None, packages_select_regex=None, packages_skip_regex=None, packages_start=None, packages_end=None, allow_overriding=[], cmake_args=None, cmake_target=None, cmake_target_skip_unavailable=False, cmake_clean_cache=False, cmake_clean_first=False, cmake_force_configure=False, ament_cmake_args=None, catkin_cmake_args=None, catkin_skip_building_tests=False, verb_parser=<colcon_defaults.argument_parser.defaults.DefaultArgumentsDecorator object at 0x73e8eb853f20>, verb_extension=<colcon_core.verb.build.BuildVerb object at 0x73e8eb9f3770>, main=<bound method BuildVerb.main of <colcon_core.verb.build.BuildVerb object at 0x73e8eb9f3770>>)
[0.311s] Level 1:colcon.colcon_core.package_discovery:discover_packages(colcon_meta) check parameters
[0.311s] Level 1:colcon.colcon_core.package_discovery:discover_packages(recursive) check parameters
[0.311s] Level 1:colcon.colcon_core.package_discovery:discover_packages(ignore) check parameters
[0.311s] Level 1:colcon.colcon_core.package_discovery:discover_packages(path) check parameters
[0.311s] Level 1:colcon.colcon_core.package_discovery:discover_packages(colcon_meta) discover
[0.312s] Level 1:colcon.colcon_core.package_discovery:discover_packages(recursive) discover
[0.312s] INFO:colcon.colcon_core.package_discovery:Crawling recursively for packages in '/home/moritz/slam_sim_ws'
[0.312s] Level 1:colcon.colcon_core.package_identification:_identify(.) by extensions ['ignore', 'ignore_ament_install']
[0.312s] Level 1:colcon.colcon_core.package_identification:_identify(.) by extension 'ignore'
[0.312s] Level 1:colcon.colcon_core.package_identification:_identify(.) by extension 'ignore_ament_install'
[0.312s] Level 1:colcon.colcon_core.package_identification:_identify(.) by extensions ['colcon_pkg']
[0.312s] Level 1:colcon.colcon_core.package_identification:_identify(.) by extension 'colcon_pkg'
[0.312s] Level 1:colcon.colcon_core.package_identification:_identify(.) by extensions ['colcon_meta']
[0.312s] Level 1:colcon.colcon_core.package_identification:_identify(.) by extension 'colcon_meta'
[0.312s] Level 1:colcon.colcon_core.package_identification:_identify(.) by extensions ['ros']
[0.312s] Level 1:colcon.colcon_core.package_identification:_identify(.) by extension 'ros'
[0.336s] Level 1:colcon.colcon_core.package_identification:_identify(.) by extensions ['cmake', 'python']
[0.336s] Level 1:colcon.colcon_core.package_identification:_identify(.) by extension 'cmake'
[0.336s] Level 1:colcon.colcon_core.package_identification:_identify(.) by extension 'python'
[0.336s] Level 1:colcon.colcon_core.package_identification:_identify(.) by extensions ['python_setup_py']
[0.336s] Level 1:colcon.colcon_core.package_identification:_identify(.) by extension 'python_setup_py'
[0.336s] Level 1:colcon.colcon_core.package_identification:_identify(build) by extensions ['ignore', 'ignore_ament_install']
[0.336s] Level 1:colcon.colcon_core.package_identification:_identify(build) by extension 'ignore'
[0.336s] Level 1:colcon.colcon_core.package_identification:_identify(build) ignored
[0.336s] Level 1:colcon.colcon_core.package_identification:_identify(install) by extensions ['ignore', 'ignore_ament_install']
[0.337s] Level 1:colcon.colcon_core.package_identification:_identify(install) by extension 'ignore'
[0.337s] Level 1:colcon.colcon_core.package_identification:_identify(install) ignored
[0.337s] Level 1:colcon.colcon_core.package_identification:_identify(log) by extensions ['ignore', 'ignore_ament_install']
[0.337s] Level 1:colcon.colcon_core.package_identification:_identify(log) by extension 'ignore'
[0.337s] Level 1:colcon.colcon_core.package_identification:_identify(log) ignored
[0.337s] Level 1:colcon.colcon_core.package_identification:_identify(src) by extensions ['ignore', 'ignore_ament_install']
[0.337s] Level 1:colcon.colcon_core.package_identification:_identify(src) by extension 'ignore'
[0.337s] Level 1:colcon.colcon_core.package_identification:_identify(src) by extension 'ignore_ament_install'
[0.338s] Level 1:colcon.colcon_core.package_identification:_identify(src) by extensions ['colcon_pkg']
[0.338s] Level 1:colcon.colcon_core.package_identification:_identify(src) by extension 'colcon_pkg'
[0.338s] Level 1:colcon.colcon_core.package_identification:_identify(src) by extensions ['colcon_meta']
[0.338s] Level 1:colcon.colcon_core.package_identification:_identify(src) by extension 'colcon_meta'
[0.338s] Level 1:colcon.colcon_core.package_identification:_identify(src) by extensions ['ros']
[0.338s] Level 1:colcon.colcon_core.package_identification:_identify(src) by extension 'ros'
[0.338s] Level 1:colcon.colcon_core.package_identification:_identify(src) by extensions ['cmake', 'python']
[0.338s] Level 1:colcon.colcon_core.package_identification:_identify(src) by extension 'cmake'
[0.338s] Level 1:colcon.colcon_core.package_identification:_identify(src) by extension 'python'
[0.338s] Level 1:colcon.colcon_core.package_identification:_identify(src) by extensions ['python_setup_py']
[0.338s] Level 1:colcon.colcon_core.package_identification:_identify(src) by extension 'python_setup_py'
[0.338s] Level 1:colcon.colcon_core.package_identification:_identify(src/slam_playground) by extensions ['ignore', 'ignore_ament_install']
[0.338s] Level 1:colcon.colcon_core.package_identification:_identify(src/slam_playground) by extension 'ignore'
[0.338s] Level 1:colcon.colcon_core.package_identification:_identify(src/slam_playground) by extension 'ignore_ament_install'
[0.339s] Level 1:colcon.colcon_core.package_identification:_identify(src/slam_playground) by extensions ['colcon_pkg']
[0.339s] Level 1:colcon.colcon_core.package_identification:_identify(src/slam_playground) by extension 'colcon_pkg'
[0.339s] Level 1:colcon.colcon_core.package_identification:_identify(src/slam_playground) by extensions ['colcon_meta']
[0.339s] Level 1:colcon.colcon_core.package_identification:_identify(src/slam_playground) by extension 'colcon_meta'
[0.339s] Level 1:colcon.colcon_core.package_identification:_identify(src/slam_playground) by extensions ['ros']
[0.339s] Level 1:colcon.colcon_core.package_identification:_identify(src/slam_playground) by extension 'ros'
[0.341s] DEBUG:colcon.colcon_core.package_identification:Package 'src/slam_playground' with type 'ros.ament_python' and name 'slam_playground'
[0.341s] Level 1:colcon.colcon_core.package_discovery:discover_packages(recursive) using defaults
[0.341s] Level 1:colcon.colcon_core.package_discovery:discover_packages(ignore) discover
[0.341s] Level 1:colcon.colcon_core.package_discovery:discover_packages(ignore) using defaults
[0.341s] Level 1:colcon.colcon_core.package_discovery:discover_packages(path) discover
[0.342s] Level 1:colcon.colcon_core.package_discovery:discover_packages(path) using defaults
[0.361s] Level 1:colcon.colcon_core.package_discovery:discover_packages(prefix_path) check parameters
[0.361s] Level 1:colcon.colcon_core.package_discovery:discover_packages(prefix_path) discover
[0.363s] DEBUG:colcon.colcon_installed_package_information.package_discovery:Found 1 installed packages in /home/moritz/slam_sim_ws/install
[0.365s] DEBUG:colcon.colcon_installed_package_information.package_discovery:Found 330 installed packages in /opt/ros/jazzy
[0.366s] Level 1:colcon.colcon_core.package_discovery:discover_packages(prefix_path) using defaults
[0.417s] Level 5:colcon.colcon_core.verb:set package 'slam_playground' build argument 'cmake_args' from command line to 'None'
[0.417s] Level 5:colcon.colcon_core.verb:set package 'slam_playground' build argument 'cmake_target' from command line to 'None'
[0.417s] Level 5:colcon.colcon_core.verb:set package 'slam_playground' build argument 'cmake_target_skip_unavailable' from command line to 'False'
[0.417s] Level 5:colcon.colcon_core.verb:set package 'slam_playground' build argument 'cmake_clean_cache' from command line to 'False'
[0.417s] Level 5:colcon.colcon_core.verb:set package 'slam_playground' build argument 'cmake_clean_first' from command line to 'False'
[0.417s] Level 5:colcon.colcon_core.verb:set package 'slam_playground' build argument 'cmake_force_configure' from command line to 'False'
[0.418s] Level 5:colcon.colcon_core.verb:set package 'slam_playground' build argument 'ament_cmake_args' from command line to 'None'
[0.418s] Level 5:colcon.colcon_core.verb:set package 'slam_playground' build argument 'catkin_cmake_args' from command line to 'None'
[0.418s] Level 5:colcon.colcon_core.verb:set package 'slam_playground' build argument 'catkin_skip_building_tests' from command line to 'False'
[0.418s] DEBUG:colcon.colcon_core.verb:Building package 'slam_playground' with the following arguments: {'ament_cmake_args': None, 'build_base': '/home/moritz/slam_sim_ws/build/slam_playground', 'catkin_cmake_args': None, 'catkin_skip_building_tests': False, 'cmake_args': None, 'cmake_clean_cache': False, 'cmake_clean_first': False, 'cmake_force_configure': False, 'cmake_target': None, 'cmake_target_skip_unavailable': False, 'install_base': '/home/moritz/slam_sim_ws/install/slam_playground', 'merge_install': False, 'path': '/home/moritz/slam_sim_ws/src/slam_playground', 'symlink_install': True, 'test_result_base': None}
[0.418s] INFO:colcon.colcon_core.executor:Executing jobs using 'parallel' executor
[0.419s] DEBUG:colcon.colcon_parallel_executor.executor.parallel:run_until_complete
[0.419s] INFO:colcon.colcon_ros.task.ament_python.build:Building ROS package in '/home/moritz/slam_sim_ws/src/slam_playground' with build type 'ament_python'
[0.420s] Level 1:colcon.colcon_core.shell:create_environment_hook('slam_playground', 'ament_prefix_path')
[0.422s] INFO:colcon.colcon_core.plugin_system:Skipping extension 'colcon_core.shell.bat': Not used on non-Windows systems
[0.422s] INFO:colcon.colcon_core.shell:Creating environment hook '/home/moritz/slam_sim_ws/install/slam_playground/share/slam_playground/hook/ament_prefix_path.ps1'
[0.423s] INFO:colcon.colcon_core.shell:Creating environment descriptor '/home/moritz/slam_sim_ws/install/slam_playground/share/slam_playground/hook/ament_prefix_path.dsv'
[0.423s] INFO:colcon.colcon_core.shell:Creating environment hook '/home/moritz/slam_sim_ws/install/slam_playground/share/slam_playground/hook/ament_prefix_path.sh'
[0.424s] INFO:colcon.colcon_core.shell:Skip shell extension 'powershell' for command environment: Not usable outside of PowerShell
[0.424s] DEBUG:colcon.colcon_core.shell:Skip shell extension 'dsv' for command environment
[0.659s] INFO:colcon.colcon_core.task.python.build:Building Python package in '/home/moritz/slam_sim_ws/src/slam_playground'
[0.660s] INFO:colcon.colcon_core.shell:Skip shell extension 'powershell' for command environment: Not usable outside of PowerShell
[0.660s] DEBUG:colcon.colcon_core.shell:Skip shell extension 'dsv' for command environment
[1.237s] DEBUG:colcon.colcon_core.task.python.build:Available setuptools commands: install, bdist_rpm, alias, register, editable_wheel, build_clib, bdist_egg, develop, install_lib, bdist_dumb, build, rotate, bdist, egg_info, install_data, upload, compile_catalog, build_py, install_scripts, extract_messages, upload_docs, symlink_data, saveopts, install_headers, check, build_scripts, easy_install, install_egg_info, dist_info, sdist, init_catalog, test, setopt, clean, update_catalog, build_ext
[1.618s] DEBUG:colcon.colcon_core.task.python.build:Available setuptools 'develop' options: --upgrade, --egg-path, --no-user-cfg, --find-links, --build-directory, --prefix, --site-dirs, --local-snapshots-ok, --force-installation-into-system-dir, --always-unzip, --index-url, --uninstall, --help, --allow-hosts, --multi-version, --zip-ok, --no-find-links, --install-layout, --user, --optimize, --verbose, --install-dir, --no-deps, --dry-run, --record, --version, --editable, --script-dir, --exclude-scripts, --quiet, --always-copy
[1.626s] DEBUG:colcon.colcon_core.event_handler.log_command:Invoking command in '/home/moritz/slam_sim_ws/build/slam_playground': PYTHONPATH=/home/moritz/slam_sim_ws/build/slam_playground/prefix_override:/usr/lib/python3/dist-packages/colcon_core/task/python/colcon_distutils_commands:/home/moritz/slam_sim_ws/install/slam_playground/lib/python3.12/site-packages:${PYTHONPATH} /usr/bin/python3 -W ignore:setup.py install is deprecated -W ignore:easy_install command is deprecated setup.py develop --editable --build-directory /home/moritz/slam_sim_ws/build/slam_playground/build --no-deps symlink_data
[2.270s] Level 1:colcon.colcon_core.shell:create_environment_hook('slam_playground', 'pythonpath_develop')
[2.270s] INFO:colcon.colcon_core.shell:Creating environment hook '/home/moritz/slam_sim_ws/build/slam_playground/share/slam_playground/hook/pythonpath_develop.ps1'
[2.271s] DEBUG:colcon.colcon_core.event_handler.log_command:Invoked command in '/home/moritz/slam_sim_ws/build/slam_playground' returned '0': PYTHONPATH=/home/moritz/slam_sim_ws/build/slam_playground/prefix_override:/usr/lib/python3/dist-packages/colcon_core/task/python/colcon_distutils_commands:/home/moritz/slam_sim_ws/install/slam_playground/lib/python3.12/site-packages:${PYTHONPATH} /usr/bin/python3 -W ignore:setup.py install is deprecated -W ignore:easy_install command is deprecated setup.py develop --editable --build-directory /home/moritz/slam_sim_ws/build/slam_playground/build --no-deps symlink_data
[2.272s] INFO:colcon.colcon_core.shell:Creating environment descriptor '/home/moritz/slam_sim_ws/build/slam_playground/share/slam_playground/hook/pythonpath_develop.dsv'
[2.272s] INFO:colcon.colcon_core.shell:Creating environment hook '/home/moritz/slam_sim_ws/build/slam_playground/share/slam_playground/hook/pythonpath_develop.sh'
[2.274s] Level 1:colcon.colcon_core.environment:checking '/home/moritz/slam_sim_ws/install/slam_playground' for CMake module files
[2.275s] Level 1:colcon.colcon_core.environment:checking '/home/moritz/slam_sim_ws/install/slam_playground' for CMake config files
[2.275s] Level 1:colcon.colcon_core.environment:checking '/home/moritz/slam_sim_ws/install/slam_playground/lib'
[2.276s] Level 1:colcon.colcon_core.environment:checking '/home/moritz/slam_sim_ws/install/slam_playground/bin'
[2.276s] Level 1:colcon.colcon_core.environment:checking '/home/moritz/slam_sim_ws/install/slam_playground/lib/pkgconfig/slam_playground.pc'
[2.276s] Level 1:colcon.colcon_core.environment:checking '/home/moritz/slam_sim_ws/install/slam_playground/lib/python3.12/site-packages'
[2.276s] Level 1:colcon.colcon_core.shell:create_environment_hook('slam_playground', 'pythonpath')
[2.276s] INFO:colcon.colcon_core.shell:Creating environment hook '/home/moritz/slam_sim_ws/install/slam_playground/share/slam_playground/hook/pythonpath.ps1'
[2.277s] INFO:colcon.colcon_core.shell:Creating environment descriptor '/home/moritz/slam_sim_ws/install/slam_playground/share/slam_playground/hook/pythonpath.dsv'
[2.277s] INFO:colcon.colcon_core.shell:Creating environment hook '/home/moritz/slam_sim_ws/install/slam_playground/share/slam_playground/hook/pythonpath.sh'
[2.278s] Level 1:colcon.colcon_core.environment:checking '/home/moritz/slam_sim_ws/install/slam_playground/bin'
[2.278s] Level 1:colcon.colcon_core.environment:create_environment_scripts_only(slam_playground)
[2.279s] INFO:colcon.colcon_core.shell:Creating package script '/home/moritz/slam_sim_ws/install/slam_playground/share/slam_playground/package.ps1'
[2.280s] INFO:colcon.colcon_core.shell:Creating package descriptor '/home/moritz/slam_sim_ws/install/slam_playground/share/slam_playground/package.dsv'
[2.280s] INFO:colcon.colcon_core.shell:Creating package script '/home/moritz/slam_sim_ws/install/slam_playground/share/slam_playground/package.sh'
[2.282s] INFO:colcon.colcon_core.shell:Creating package script '/home/moritz/slam_sim_ws/install/slam_playground/share/slam_playground/package.bash'
[2.283s] INFO:colcon.colcon_core.shell:Creating package script '/home/moritz/slam_sim_ws/install/slam_playground/share/slam_playground/package.zsh'
[2.283s] Level 1:colcon.colcon_core.environment:create_file_with_runtime_dependencies(/home/moritz/slam_sim_ws/install/slam_playground/share/colcon-core/packages/slam_playground)
[2.284s] DEBUG:colcon.colcon_parallel_executor.executor.parallel:closing loop
[2.285s] DEBUG:colcon.colcon_parallel_executor.executor.parallel:loop closed
[2.285s] DEBUG:colcon.colcon_parallel_executor.executor.parallel:run_until_complete finished with '0'
[2.285s] DEBUG:colcon.colcon_core.event_reactor:joining thread
[2.370s] INFO:colcon.colcon_core.plugin_system:Skipping extension 'colcon_notification.desktop_notification.notify_send': Could not find 'notify-send'
[2.370s] INFO:colcon.colcon_core.plugin_system:Skipping extension 'colcon_notification.desktop_notification.terminal_notifier': Not used on non-Darwin systems
[2.370s] INFO:colcon.colcon_core.plugin_system:Skipping extension 'colcon_notification.desktop_notification.win32': Not used on non-Windows systems
[2.370s] INFO:colcon.colcon_notification.desktop_notification:Sending desktop notification using 'notify2'
[2.377s] DEBUG:colcon.colcon_notification.desktop_notification.notify2:Failed to initialize notify2: org.freedesktop.DBus.Error.ServiceUnknown: The name org.freedesktop.Notifications was not provided by any .service files
[2.378s] DEBUG:colcon.colcon_core.event_reactor:joined thread
[2.378s] INFO:colcon.colcon_core.shell:Creating prefix script '/home/moritz/slam_sim_ws/install/local_setup.ps1'
[2.379s] INFO:colcon.colcon_core.shell:Creating prefix util module '/home/moritz/slam_sim_ws/install/_local_setup_util_ps1.py'
[2.380s] INFO:colcon.colcon_core.shell:Creating prefix chain script '/home/moritz/slam_sim_ws/install/setup.ps1'
[2.381s] INFO:colcon.colcon_core.shell:Creating prefix script '/home/moritz/slam_sim_ws/install/local_setup.sh'
[2.382s] INFO:colcon.colcon_core.shell:Creating prefix util module '/home/moritz/slam_sim_ws/install/_local_setup_util_sh.py'
[2.383s] INFO:colcon.colcon_core.shell:Creating prefix chain script '/home/moritz/slam_sim_ws/install/setup.sh'
[2.384s] INFO:colcon.colcon_core.shell:Creating prefix script '/home/moritz/slam_sim_ws/install/local_setup.bash'
[2.384s] INFO:colcon.colcon_core.shell:Creating prefix chain script '/home/moritz/slam_sim_ws/install/setup.bash'
[2.385s] INFO:colcon.colcon_core.shell:Creating prefix script '/home/moritz/slam_sim_ws/install/local_setup.zsh'
[2.386s] INFO:colcon.colcon_core.shell:Creating prefix chain script '/home/moritz/slam_sim_ws/install/setup.zsh'
