[2.596s] Invoking command in '/home/moritz/slam_sim_ws/build/slam_playground': CONDA_PROMPT_MODIFIER=(base) PYTHONPATH=/home/moritz/slam_sim_ws/build/slam_playground/prefix_override:/usr/lib/python3/dist-packages/colcon_core/task/python/colcon_distutils_commands:/home/moritz/slam_sim_ws/install/slam_playground/lib/python3.12/site-packages: /usr/bin/python3 -W ignore:setup.py install is deprecated -W ignore:easy_install command is deprecated setup.py develop --editable --build-directory /home/moritz/slam_sim_ws/build/slam_playground/build --no-deps symlink_data
[3.253s] running develop
[3.547s] running egg_info
[3.577s] writing slam_playground.egg-info/PKG-INFO
[3.578s] writing dependency_links to slam_playground.egg-info/dependency_links.txt
[3.579s] writing entry points to slam_playground.egg-info/entry_points.txt
[3.580s] writing requirements to slam_playground.egg-info/requires.txt
[3.580s] writing top-level names to slam_playground.egg-info/top_level.txt
[3.638s] reading manifest file 'slam_playground.egg-info/SOURCES.txt'
[3.642s] writing manifest file 'slam_playground.egg-info/SOURCES.txt'
[3.676s] running build_ext
[3.676s] Creating /home/moritz/slam_sim_ws/install/slam_playground/lib/python3.12/site-packages/slam-playground.egg-link (link to .)
[3.677s] Installing fake_laser script to /home/moritz/slam_sim_ws/install/slam_playground/lib/slam_playground
[3.678s] Installing laser_simulator script to /home/moritz/slam_sim_ws/install/slam_playground/lib/slam_playground
[3.679s] Installing robot_motion script to /home/moritz/slam_sim_ws/install/slam_playground/lib/slam_playground
[3.680s] Installing scan_analyzer script to /home/moritz/slam_sim_ws/install/slam_playground/lib/slam_playground
[3.682s] Installing simple_mapper script to /home/moritz/slam_sim_ws/install/slam_playground/lib/slam_playground
[3.683s] Installing simple_mapper_new script to /home/moritz/slam_sim_ws/install/slam_playground/lib/slam_playground
[3.683s] Installing system_check script to /home/moritz/slam_sim_ws/install/slam_playground/lib/slam_playground
[3.685s] 
[3.685s] Installed /home/moritz/slam_sim_ws/build/slam_playground
[3.686s] running symlink_data
[3.771s] Invoked command in '/home/moritz/slam_sim_ws/build/slam_playground' returned '0': CONDA_PROMPT_MODIFIER=(base) PYTHONPATH=/home/moritz/slam_sim_ws/build/slam_playground/prefix_override:/usr/lib/python3/dist-packages/colcon_core/task/python/colcon_distutils_commands:/home/moritz/slam_sim_ws/install/slam_playground/lib/python3.12/site-packages: /usr/bin/python3 -W ignore:setup.py install is deprecated -W ignore:easy_install command is deprecated setup.py develop --editable --build-directory /home/moritz/slam_sim_ws/build/slam_playground/build --no-deps symlink_data
