running develop
running egg_info
writing slam_playground.egg-info/PKG-INFO
writing dependency_links to slam_playground.egg-info/dependency_links.txt
writing entry points to slam_playground.egg-info/entry_points.txt
writing requirements to slam_playground.egg-info/requires.txt
writing top-level names to slam_playground.egg-info/top_level.txt
reading manifest file 'slam_playground.egg-info/SOURCES.txt'
writing manifest file 'slam_playground.egg-info/SOURCES.txt'
running build_ext
Creating /home/moritz/slam_sim_ws/install/slam_playground/lib/python3.12/site-packages/slam-playground.egg-link (link to .)
Installing fake_laser script to /home/moritz/slam_sim_ws/install/slam_playground/lib/slam_playground
Installing laser_simulator script to /home/moritz/slam_sim_ws/install/slam_playground/lib/slam_playground
Installing robot_motion script to /home/moritz/slam_sim_ws/install/slam_playground/lib/slam_playground
Installing scan_analyzer script to /home/moritz/slam_sim_ws/install/slam_playground/lib/slam_playground
Installing simple_mapper script to /home/moritz/slam_sim_ws/install/slam_playground/lib/slam_playground
Installing simple_mapper_new script to /home/moritz/slam_sim_ws/install/slam_playground/lib/slam_playground
Installing system_check script to /home/moritz/slam_sim_ws/install/slam_playground/lib/slam_playground

Installed /home/moritz/slam_sim_ws/build/slam_playground
running symlink_data
creating /home/moritz/slam_sim_ws/install/slam_playground/share/slam_playground/launch
symbolically linking /home/moritz/slam_sim_ws/build/slam_playground/launch/moving_robot.launch.py -> /home/moritz/slam_sim_ws/install/slam_playground/share/slam_playground/launch
