[1.206s] Invoking command in '/home/moritz/slam_sim_ws/build/slam_playground': PYTHONPATH=/home/moritz/slam_sim_ws/build/slam_playground/prefix_override:/usr/lib/python3/dist-packages/colcon_core/task/python/colcon_distutils_commands:/home/moritz/slam_sim_ws/install/slam_playground/lib/python3.12/site-packages:${PYTHONPATH} /usr/bin/python3 -W ignore:setup.py install is deprecated -W ignore:easy_install command is deprecated setup.py develop --editable --build-directory /home/moritz/slam_sim_ws/build/slam_playground/build --no-deps symlink_data
[1.518s] running develop
[1.711s] running egg_info
[1.731s] writing slam_playground.egg-info/PKG-INFO
[1.731s] writing dependency_links to slam_playground.egg-info/dependency_links.txt
[1.731s] writing entry points to slam_playground.egg-info/entry_points.txt
[1.732s] writing requirements to slam_playground.egg-info/requires.txt
[1.732s] writing top-level names to slam_playground.egg-info/top_level.txt
[1.772s] reading manifest file 'slam_playground.egg-info/SOURCES.txt'
[1.772s] writing manifest file 'slam_playground.egg-info/SOURCES.txt'
[1.793s] running build_ext
[1.793s] Creating /home/moritz/slam_sim_ws/install/slam_playground/lib/python3.12/site-packages/slam-playground.egg-link (link to .)
[1.794s] Installing fake_laser script to /home/moritz/slam_sim_ws/install/slam_playground/lib/slam_playground
[1.794s] Installing laser_simulator script to /home/moritz/slam_sim_ws/install/slam_playground/lib/slam_playground
[1.795s] Installing robot_motion script to /home/moritz/slam_sim_ws/install/slam_playground/lib/slam_playground
[1.795s] Installing scan_analyzer script to /home/moritz/slam_sim_ws/install/slam_playground/lib/slam_playground
[1.795s] Installing simple_mapper script to /home/moritz/slam_sim_ws/install/slam_playground/lib/slam_playground
[1.795s] Installing simple_mapper_new script to /home/moritz/slam_sim_ws/install/slam_playground/lib/slam_playground
[1.795s] Installing system_check script to /home/moritz/slam_sim_ws/install/slam_playground/lib/slam_playground
[1.796s] 
[1.796s] Installed /home/moritz/slam_sim_ws/build/slam_playground
[1.796s] running symlink_data
[1.796s] creating /home/moritz/slam_sim_ws/install/slam_playground/share/slam_playground/launch
[1.797s] symbolically linking /home/moritz/slam_sim_ws/build/slam_playground/launch/moving_robot.launch.py -> /home/moritz/slam_sim_ws/install/slam_playground/share/slam_playground/launch
[1.851s] Invoked command in '/home/moritz/slam_sim_ws/build/slam_playground' returned '0': PYTHONPATH=/home/moritz/slam_sim_ws/build/slam_playground/prefix_override:/usr/lib/python3/dist-packages/colcon_core/task/python/colcon_distutils_commands:/home/moritz/slam_sim_ws/install/slam_playground/lib/python3.12/site-packages:${PYTHONPATH} /usr/bin/python3 -W ignore:setup.py install is deprecated -W ignore:easy_install command is deprecated setup.py develop --editable --build-directory /home/moritz/slam_sim_ws/build/slam_playground/build --no-deps symlink_data
