[1.952s] Invoking command in '/home/moritz/slam_sim_ws/build/slam_playground': PYTHONPATH=/home/moritz/slam_sim_ws/build/slam_playground/prefix_override:/usr/lib/python3/dist-packages/colcon_core/task/python/colcon_distutils_commands:/home/moritz/slam_sim_ws/install/slam_playground/lib/python3.12/site-packages:${PYTHONPATH} /usr/bin/python3 -W ignore:setup.py install is deprecated -W ignore:easy_install command is deprecated setup.py develop --editable --build-directory /home/moritz/slam_sim_ws/build/slam_playground/build --no-deps symlink_data
[2.447s] running develop
[2.757s] running egg_info
[2.785s] writing slam_playground.egg-info/PKG-INFO
[2.785s] writing dependency_links to slam_playground.egg-info/dependency_links.txt
[2.785s] writing entry points to slam_playground.egg-info/entry_points.txt
[2.786s] writing requirements to slam_playground.egg-info/requires.txt
[2.786s] writing top-level names to slam_playground.egg-info/top_level.txt
[2.842s] reading manifest file 'slam_playground.egg-info/SOURCES.txt'
[2.844s] writing manifest file 'slam_playground.egg-info/SOURCES.txt'
[2.874s] running build_ext
[2.874s] Creating /home/moritz/slam_sim_ws/install/slam_playground/lib/python3.12/site-packages/slam-playground.egg-link (link to .)
[2.875s] Installing fake_laser script to /home/moritz/slam_sim_ws/install/slam_playground/lib/slam_playground
[2.876s] Installing laser_simulator script to /home/moritz/slam_sim_ws/install/slam_playground/lib/slam_playground
[2.877s] Installing robot_motion script to /home/moritz/slam_sim_ws/install/slam_playground/lib/slam_playground
[2.878s] Installing scan_analyzer script to /home/moritz/slam_sim_ws/install/slam_playground/lib/slam_playground
[2.878s] Installing simple_mapper script to /home/moritz/slam_sim_ws/install/slam_playground/lib/slam_playground
[2.878s] Installing simple_mapper_new script to /home/moritz/slam_sim_ws/install/slam_playground/lib/slam_playground
[2.878s] Installing system_check script to /home/moritz/slam_sim_ws/install/slam_playground/lib/slam_playground
[2.879s] 
[2.879s] Installed /home/moritz/slam_sim_ws/build/slam_playground
[2.879s] running symlink_data
[2.944s] Invoked command in '/home/moritz/slam_sim_ws/build/slam_playground' returned '0': PYTHONPATH=/home/moritz/slam_sim_ws/build/slam_playground/prefix_override:/usr/lib/python3/dist-packages/colcon_core/task/python/colcon_distutils_commands:/home/moritz/slam_sim_ws/install/slam_playground/lib/python3.12/site-packages:${PYTHONPATH} /usr/bin/python3 -W ignore:setup.py install is deprecated -W ignore:easy_install command is deprecated setup.py develop --editable --build-directory /home/moritz/slam_sim_ws/build/slam_playground/build --no-deps symlink_data
