[2.593s] Invoking command in '/home/moritz/slam_sim_ws/build/slam_playground': PYTHONPATH=/home/moritz/slam_sim_ws/build/slam_playground/prefix_override:/usr/lib/python3/dist-packages/colcon_core/task/python/colcon_distutils_commands:/home/moritz/slam_sim_ws/install/slam_playground/lib/python3.12/site-packages:${PYTHONPATH} /usr/bin/python3 -W ignore:setup.py install is deprecated -W ignore:easy_install command is deprecated setup.py develop --editable --build-directory /home/moritz/slam_sim_ws/build/slam_playground/build --no-deps symlink_data
[3.080s] running develop
[3.362s] running egg_info
[3.391s] writing slam_playground.egg-info/PKG-INFO
[3.391s] writing dependency_links to slam_playground.egg-info/dependency_links.txt
[3.392s] writing entry points to slam_playground.egg-info/entry_points.txt
[3.392s] writing requirements to slam_playground.egg-info/requires.txt
[3.393s] writing top-level names to slam_playground.egg-info/top_level.txt
[3.454s] reading manifest file 'slam_playground.egg-info/SOURCES.txt'
[3.455s] writing manifest file 'slam_playground.egg-info/SOURCES.txt'
[3.489s] running build_ext
[3.489s] Creating /home/moritz/slam_sim_ws/install/slam_playground/lib/python3.12/site-packages/slam-playground.egg-link (link to .)
[3.490s] Installing fake_laser script to /home/moritz/slam_sim_ws/install/slam_playground/lib/slam_playground
[3.492s] Installing laser_simulator script to /home/moritz/slam_sim_ws/install/slam_playground/lib/slam_playground
[3.493s] Installing robot_motion script to /home/moritz/slam_sim_ws/install/slam_playground/lib/slam_playground
[3.494s] Installing scan_analyzer script to /home/moritz/slam_sim_ws/install/slam_playground/lib/slam_playground
[3.494s] Installing simple_mapper script to /home/moritz/slam_sim_ws/install/slam_playground/lib/slam_playground
[3.494s] Installing simple_mapper_new script to /home/moritz/slam_sim_ws/install/slam_playground/lib/slam_playground
[3.495s] Installing system_check script to /home/moritz/slam_sim_ws/install/slam_playground/lib/slam_playground
[3.495s] 
[3.496s] Installed /home/moritz/slam_sim_ws/build/slam_playground
[3.496s] running symlink_data
[3.564s] Invoked command in '/home/moritz/slam_sim_ws/build/slam_playground' returned '0': PYTHONPATH=/home/moritz/slam_sim_ws/build/slam_playground/prefix_override:/usr/lib/python3/dist-packages/colcon_core/task/python/colcon_distutils_commands:/home/moritz/slam_sim_ws/install/slam_playground/lib/python3.12/site-packages:${PYTHONPATH} /usr/bin/python3 -W ignore:setup.py install is deprecated -W ignore:easy_install command is deprecated setup.py develop --editable --build-directory /home/moritz/slam_sim_ws/build/slam_playground/build --no-deps symlink_data
