[3.632s] Invoking command in '/home/moritz/slam_sim_ws/build/slam_playground': CONDA_PROMPT_MODIFIER=(base) PYTHONPATH=/home/moritz/slam_sim_ws/build/slam_playground/prefix_override:/usr/lib/python3/dist-packages/colcon_core/task/python/colcon_distutils_commands:/home/moritz/slam_sim_ws/install/slam_playground/lib/python3.12/site-packages:${PYTHONPATH} /usr/bin/python3 -W ignore:setup.py install is deprecated -W ignore:easy_install command is deprecated setup.py develop --editable --build-directory /home/moritz/slam_sim_ws/build/slam_playground/build --no-deps symlink_data
[4.601s] running develop
[5.245s] running egg_info
[5.310s] writing slam_playground.egg-info/PKG-INFO
[5.311s] writing dependency_links to slam_playground.egg-info/dependency_links.txt
[5.312s] writing entry points to slam_playground.egg-info/entry_points.txt
[5.313s] writing requirements to slam_playground.egg-info/requires.txt
[5.313s] writing top-level names to slam_playground.egg-info/top_level.txt
[5.441s] reading manifest file 'slam_playground.egg-info/SOURCES.txt'
[5.443s] writing manifest file 'slam_playground.egg-info/SOURCES.txt'
[5.508s] running build_ext
[5.509s] Creating /home/moritz/slam_sim_ws/install/slam_playground/lib/python3.12/site-packages/slam-playground.egg-link (link to .)
[5.510s] Installing fake_laser script to /home/moritz/slam_sim_ws/install/slam_playground/lib/slam_playground
[5.511s] Installing laser_simulator script to /home/moritz/slam_sim_ws/install/slam_playground/lib/slam_playground
[5.512s] Installing robot_motion script to /home/moritz/slam_sim_ws/install/slam_playground/lib/slam_playground
[5.513s] Installing scan_analyzer script to /home/moritz/slam_sim_ws/install/slam_playground/lib/slam_playground
[5.515s] Installing simple_mapper script to /home/moritz/slam_sim_ws/install/slam_playground/lib/slam_playground
[5.515s] Installing simple_mapper_new script to /home/moritz/slam_sim_ws/install/slam_playground/lib/slam_playground
[5.516s] Installing system_check script to /home/moritz/slam_sim_ws/install/slam_playground/lib/slam_playground
[5.518s] 
[5.518s] Installed /home/moritz/slam_sim_ws/build/slam_playground
[5.519s] running symlink_data
[5.617s] Invoked command in '/home/moritz/slam_sim_ws/build/slam_playground' returned '0': CONDA_PROMPT_MODIFIER=(base) PYTHONPATH=/home/moritz/slam_sim_ws/build/slam_playground/prefix_override:/usr/lib/python3/dist-packages/colcon_core/task/python/colcon_distutils_commands:/home/moritz/slam_sim_ws/install/slam_playground/lib/python3.12/site-packages:${PYTHONPATH} /usr/bin/python3 -W ignore:setup.py install is deprecated -W ignore:easy_install command is deprecated setup.py develop --editable --build-directory /home/moritz/slam_sim_ws/build/slam_playground/build --no-deps symlink_data
