[0.432s] DEBUG:colcon:Command line arguments: ['/usr/bin/colcon', 'build', '--symlink-install', '--packages-select', 'slam_playground']
[0.434s] DEBUG:colcon:Parsed command line arguments: Namespace(log_base=None, log_level=None, verb_name='build', build_base='build', install_base='install', merge_install=False, symlink_install=True, test_result_base=None, continue_on_error=False, executor='parallel', parallel_workers=8, event_handlers=None, ignore_user_meta=False, metas=['./colcon.meta'], base_paths=['.'], packages_ignore=None, packages_ignore_regex=None, paths=None, packages_up_to=None, packages_up_to_regex=None, packages_above=None, packages_above_and_dependencies=None, packages_above_depth=None, packages_select_by_dep=None, packages_skip_by_dep=None, packages_skip_up_to=None, packages_select_build_failed=False, packages_skip_build_finished=False, packages_select_test_failures=False, packages_skip_test_passed=False, packages_select=['slam_playground'], packages_skip=None, packages_select_regex=None, packages_skip_regex=None, packages_start=None, packages_end=None, allow_overriding=[], cmake_args=None, cmake_target=None, cmake_target_skip_unavailable=False, cmake_clean_cache=False, cmake_clean_first=False, cmake_force_configure=False, ament_cmake_args=None, catkin_cmake_args=None, catkin_skip_building_tests=False, verb_parser=<colcon_defaults.argument_parser.defaults.DefaultArgumentsDecorator object at 0x7d256875f0b0>, verb_extension=<colcon_core.verb.build.BuildVerb object at 0x7d25687028d0>, main=<bound method BuildVerb.main of <colcon_core.verb.build.BuildVerb object at 0x7d25687028d0>>)
[0.503s] Level 1:colcon.colcon_core.package_discovery:discover_packages(colcon_meta) check parameters
[0.503s] Level 1:colcon.colcon_core.package_discovery:discover_packages(recursive) check parameters
[0.503s] Level 1:colcon.colcon_core.package_discovery:discover_packages(ignore) check parameters
[0.503s] Level 1:colcon.colcon_core.package_discovery:discover_packages(path) check parameters
[0.504s] Level 1:colcon.colcon_core.package_discovery:discover_packages(colcon_meta) discover
[0.504s] Level 1:colcon.colcon_core.package_discovery:discover_packages(recursive) discover
[0.504s] INFO:colcon.colcon_core.package_discovery:Crawling recursively for packages in '/home/moritz/slam_sim_ws'
[0.504s] Level 1:colcon.colcon_core.package_identification:_identify(.) by extensions ['ignore', 'ignore_ament_install']
[0.504s] Level 1:colcon.colcon_core.package_identification:_identify(.) by extension 'ignore'
[0.505s] Level 1:colcon.colcon_core.package_identification:_identify(.) by extension 'ignore_ament_install'
[0.505s] Level 1:colcon.colcon_core.package_identification:_identify(.) by extensions ['colcon_pkg']
[0.505s] Level 1:colcon.colcon_core.package_identification:_identify(.) by extension 'colcon_pkg'
[0.505s] Level 1:colcon.colcon_core.package_identification:_identify(.) by extensions ['colcon_meta']
[0.505s] Level 1:colcon.colcon_core.package_identification:_identify(.) by extension 'colcon_meta'
[0.505s] Level 1:colcon.colcon_core.package_identification:_identify(.) by extensions ['ros']
[0.505s] Level 1:colcon.colcon_core.package_identification:_identify(.) by extension 'ros'
[0.549s] Level 1:colcon.colcon_core.package_identification:_identify(.) by extensions ['cmake', 'python']
[0.550s] Level 1:colcon.colcon_core.package_identification:_identify(.) by extension 'cmake'
[0.550s] Level 1:colcon.colcon_core.package_identification:_identify(.) by extension 'python'
[0.550s] Level 1:colcon.colcon_core.package_identification:_identify(.) by extensions ['python_setup_py']
[0.550s] Level 1:colcon.colcon_core.package_identification:_identify(.) by extension 'python_setup_py'
[0.550s] Level 1:colcon.colcon_core.package_identification:_identify(build) by extensions ['ignore', 'ignore_ament_install']
[0.550s] Level 1:colcon.colcon_core.package_identification:_identify(build) by extension 'ignore'
[0.550s] Level 1:colcon.colcon_core.package_identification:_identify(build) ignored
[0.550s] Level 1:colcon.colcon_core.package_identification:_identify(install) by extensions ['ignore', 'ignore_ament_install']
[0.551s] Level 1:colcon.colcon_core.package_identification:_identify(install) by extension 'ignore'
[0.551s] Level 1:colcon.colcon_core.package_identification:_identify(install) ignored
[0.551s] Level 1:colcon.colcon_core.package_identification:_identify(log) by extensions ['ignore', 'ignore_ament_install']
[0.552s] Level 1:colcon.colcon_core.package_identification:_identify(log) by extension 'ignore'
[0.552s] Level 1:colcon.colcon_core.package_identification:_identify(log) ignored
[0.552s] Level 1:colcon.colcon_core.package_identification:_identify(src) by extensions ['ignore', 'ignore_ament_install']
[0.553s] Level 1:colcon.colcon_core.package_identification:_identify(src) by extension 'ignore'
[0.553s] Level 1:colcon.colcon_core.package_identification:_identify(src) by extension 'ignore_ament_install'
[0.553s] Level 1:colcon.colcon_core.package_identification:_identify(src) by extensions ['colcon_pkg']
[0.553s] Level 1:colcon.colcon_core.package_identification:_identify(src) by extension 'colcon_pkg'
[0.553s] Level 1:colcon.colcon_core.package_identification:_identify(src) by extensions ['colcon_meta']
[0.553s] Level 1:colcon.colcon_core.package_identification:_identify(src) by extension 'colcon_meta'
[0.553s] Level 1:colcon.colcon_core.package_identification:_identify(src) by extensions ['ros']
[0.554s] Level 1:colcon.colcon_core.package_identification:_identify(src) by extension 'ros'
[0.554s] Level 1:colcon.colcon_core.package_identification:_identify(src) by extensions ['cmake', 'python']
[0.554s] Level 1:colcon.colcon_core.package_identification:_identify(src) by extension 'cmake'
[0.554s] Level 1:colcon.colcon_core.package_identification:_identify(src) by extension 'python'
[0.554s] Level 1:colcon.colcon_core.package_identification:_identify(src) by extensions ['python_setup_py']
[0.554s] Level 1:colcon.colcon_core.package_identification:_identify(src) by extension 'python_setup_py'
[0.554s] Level 1:colcon.colcon_core.package_identification:_identify(src/slam_playground) by extensions ['ignore', 'ignore_ament_install']
[0.554s] Level 1:colcon.colcon_core.package_identification:_identify(src/slam_playground) by extension 'ignore'
[0.555s] Level 1:colcon.colcon_core.package_identification:_identify(src/slam_playground) by extension 'ignore_ament_install'
[0.555s] Level 1:colcon.colcon_core.package_identification:_identify(src/slam_playground) by extensions ['colcon_pkg']
[0.555s] Level 1:colcon.colcon_core.package_identification:_identify(src/slam_playground) by extension 'colcon_pkg'
[0.555s] Level 1:colcon.colcon_core.package_identification:_identify(src/slam_playground) by extensions ['colcon_meta']
[0.555s] Level 1:colcon.colcon_core.package_identification:_identify(src/slam_playground) by extension 'colcon_meta'
[0.555s] Level 1:colcon.colcon_core.package_identification:_identify(src/slam_playground) by extensions ['ros']
[0.555s] Level 1:colcon.colcon_core.package_identification:_identify(src/slam_playground) by extension 'ros'
[0.559s] DEBUG:colcon.colcon_core.package_identification:Package 'src/slam_playground' with type 'ros.ament_python' and name 'slam_playground'
[0.560s] Level 1:colcon.colcon_core.package_discovery:discover_packages(recursive) using defaults
[0.560s] Level 1:colcon.colcon_core.package_discovery:discover_packages(ignore) discover
[0.560s] Level 1:colcon.colcon_core.package_discovery:discover_packages(ignore) using defaults
[0.560s] Level 1:colcon.colcon_core.package_discovery:discover_packages(path) discover
[0.560s] Level 1:colcon.colcon_core.package_discovery:discover_packages(path) using defaults
[0.593s] Level 1:colcon.colcon_core.package_discovery:discover_packages(prefix_path) check parameters
[0.593s] Level 1:colcon.colcon_core.package_discovery:discover_packages(prefix_path) discover
[0.595s] DEBUG:colcon.colcon_installed_package_information.package_discovery:Found 1 installed packages in /home/moritz/slam_sim_ws/install
[0.598s] DEBUG:colcon.colcon_installed_package_information.package_discovery:Found 287 installed packages in /opt/ros/jazzy
[0.599s] Level 1:colcon.colcon_core.package_discovery:discover_packages(prefix_path) using defaults
[0.672s] Level 5:colcon.colcon_core.verb:set package 'slam_playground' build argument 'cmake_args' from command line to 'None'
[0.672s] Level 5:colcon.colcon_core.verb:set package 'slam_playground' build argument 'cmake_target' from command line to 'None'
[0.673s] Level 5:colcon.colcon_core.verb:set package 'slam_playground' build argument 'cmake_target_skip_unavailable' from command line to 'False'
[0.673s] Level 5:colcon.colcon_core.verb:set package 'slam_playground' build argument 'cmake_clean_cache' from command line to 'False'
[0.673s] Level 5:colcon.colcon_core.verb:set package 'slam_playground' build argument 'cmake_clean_first' from command line to 'False'
[0.673s] Level 5:colcon.colcon_core.verb:set package 'slam_playground' build argument 'cmake_force_configure' from command line to 'False'
[0.673s] Level 5:colcon.colcon_core.verb:set package 'slam_playground' build argument 'ament_cmake_args' from command line to 'None'
[0.673s] Level 5:colcon.colcon_core.verb:set package 'slam_playground' build argument 'catkin_cmake_args' from command line to 'None'
[0.673s] Level 5:colcon.colcon_core.verb:set package 'slam_playground' build argument 'catkin_skip_building_tests' from command line to 'False'
[0.673s] DEBUG:colcon.colcon_core.verb:Building package 'slam_playground' with the following arguments: {'ament_cmake_args': None, 'build_base': '/home/moritz/slam_sim_ws/build/slam_playground', 'catkin_cmake_args': None, 'catkin_skip_building_tests': False, 'cmake_args': None, 'cmake_clean_cache': False, 'cmake_clean_first': False, 'cmake_force_configure': False, 'cmake_target': None, 'cmake_target_skip_unavailable': False, 'install_base': '/home/moritz/slam_sim_ws/install/slam_playground', 'merge_install': False, 'path': '/home/moritz/slam_sim_ws/src/slam_playground', 'symlink_install': True, 'test_result_base': None}
[0.673s] INFO:colcon.colcon_core.executor:Executing jobs using 'parallel' executor
[0.676s] DEBUG:colcon.colcon_parallel_executor.executor.parallel:run_until_complete
[0.676s] INFO:colcon.colcon_ros.task.ament_python.build:Building ROS package in '/home/moritz/slam_sim_ws/src/slam_playground' with build type 'ament_python'
[0.677s] Level 1:colcon.colcon_core.shell:create_environment_hook('slam_playground', 'ament_prefix_path')
[0.681s] INFO:colcon.colcon_core.plugin_system:Skipping extension 'colcon_core.shell.bat': Not used on non-Windows systems
[0.681s] INFO:colcon.colcon_core.shell:Creating environment hook '/home/moritz/slam_sim_ws/install/slam_playground/share/slam_playground/hook/ament_prefix_path.ps1'
[0.682s] INFO:colcon.colcon_core.shell:Creating environment descriptor '/home/moritz/slam_sim_ws/install/slam_playground/share/slam_playground/hook/ament_prefix_path.dsv'
[0.683s] INFO:colcon.colcon_core.shell:Creating environment hook '/home/moritz/slam_sim_ws/install/slam_playground/share/slam_playground/hook/ament_prefix_path.sh'
[0.684s] INFO:colcon.colcon_core.shell:Skip shell extension 'powershell' for command environment: Not usable outside of PowerShell
[0.684s] DEBUG:colcon.colcon_core.shell:Skip shell extension 'dsv' for command environment
[1.222s] INFO:colcon.colcon_core.task.python.build:Building Python package in '/home/moritz/slam_sim_ws/src/slam_playground'
[1.222s] INFO:colcon.colcon_core.shell:Skip shell extension 'powershell' for command environment: Not usable outside of PowerShell
[1.222s] DEBUG:colcon.colcon_core.shell:Skip shell extension 'dsv' for command environment
[2.135s] DEBUG:colcon.colcon_core.task.python.build:Available setuptools commands: build_clib, bdist_rpm, rotate, init_catalog, saveopts, install_headers, build_scripts, install, install_scripts, dist_info, install_data, build_ext, compile_catalog, bdist_egg, bdist_dumb, upload, install_lib, setopt, alias, bdist, install_egg_info, sdist, check, extract_messages, editable_wheel, symlink_data, build, build_py, develop, upload_docs, egg_info, easy_install, update_catalog, test, clean, register
[2.643s] DEBUG:colcon.colcon_core.task.python.build:Available setuptools 'develop' options: --dry-run, --local-snapshots-ok, --index-url, --no-user-cfg, --site-dirs, --quiet, --optimize, --build-directory, --install-layout, --multi-version, --egg-path, --uninstall, --record, --find-links, --always-unzip, --install-dir, --verbose, --force-installation-into-system-dir, --editable, --no-deps, --allow-hosts, --help, --version, --prefix, --script-dir, --no-find-links, --upgrade, --zip-ok, --user, --always-copy, --exclude-scripts
[2.647s] DEBUG:colcon.colcon_core.event_handler.log_command:Invoking command in '/home/moritz/slam_sim_ws/build/slam_playground': PYTHONPATH=/home/moritz/slam_sim_ws/build/slam_playground/prefix_override:/usr/lib/python3/dist-packages/colcon_core/task/python/colcon_distutils_commands:/home/moritz/slam_sim_ws/install/slam_playground/lib/python3.12/site-packages:${PYTHONPATH} /usr/bin/python3 -W ignore:setup.py install is deprecated -W ignore:easy_install command is deprecated setup.py develop --editable --build-directory /home/moritz/slam_sim_ws/build/slam_playground/build --no-deps symlink_data
[3.613s] Level 1:colcon.colcon_core.shell:create_environment_hook('slam_playground', 'pythonpath_develop')
[3.614s] INFO:colcon.colcon_core.shell:Creating environment hook '/home/moritz/slam_sim_ws/build/slam_playground/share/slam_playground/hook/pythonpath_develop.ps1'
[3.615s] DEBUG:colcon.colcon_core.event_handler.log_command:Invoked command in '/home/moritz/slam_sim_ws/build/slam_playground' returned '0': PYTHONPATH=/home/moritz/slam_sim_ws/build/slam_playground/prefix_override:/usr/lib/python3/dist-packages/colcon_core/task/python/colcon_distutils_commands:/home/moritz/slam_sim_ws/install/slam_playground/lib/python3.12/site-packages:${PYTHONPATH} /usr/bin/python3 -W ignore:setup.py install is deprecated -W ignore:easy_install command is deprecated setup.py develop --editable --build-directory /home/moritz/slam_sim_ws/build/slam_playground/build --no-deps symlink_data
[3.616s] INFO:colcon.colcon_core.shell:Creating environment descriptor '/home/moritz/slam_sim_ws/build/slam_playground/share/slam_playground/hook/pythonpath_develop.dsv'
[3.617s] INFO:colcon.colcon_core.shell:Creating environment hook '/home/moritz/slam_sim_ws/build/slam_playground/share/slam_playground/hook/pythonpath_develop.sh'
[3.620s] Level 1:colcon.colcon_core.environment:checking '/home/moritz/slam_sim_ws/install/slam_playground' for CMake module files
[3.620s] Level 1:colcon.colcon_core.environment:checking '/home/moritz/slam_sim_ws/install/slam_playground' for CMake config files
[3.621s] Level 1:colcon.colcon_core.environment:checking '/home/moritz/slam_sim_ws/install/slam_playground/lib'
[3.622s] Level 1:colcon.colcon_core.environment:checking '/home/moritz/slam_sim_ws/install/slam_playground/bin'
[3.622s] Level 1:colcon.colcon_core.environment:checking '/home/moritz/slam_sim_ws/install/slam_playground/lib/pkgconfig/slam_playground.pc'
[3.622s] Level 1:colcon.colcon_core.environment:checking '/home/moritz/slam_sim_ws/install/slam_playground/lib/python3.12/site-packages'
[3.622s] Level 1:colcon.colcon_core.shell:create_environment_hook('slam_playground', 'pythonpath')
[3.622s] INFO:colcon.colcon_core.shell:Creating environment hook '/home/moritz/slam_sim_ws/install/slam_playground/share/slam_playground/hook/pythonpath.ps1'
[3.623s] INFO:colcon.colcon_core.shell:Creating environment descriptor '/home/moritz/slam_sim_ws/install/slam_playground/share/slam_playground/hook/pythonpath.dsv'
[3.624s] INFO:colcon.colcon_core.shell:Creating environment hook '/home/moritz/slam_sim_ws/install/slam_playground/share/slam_playground/hook/pythonpath.sh'
[3.626s] Level 1:colcon.colcon_core.environment:checking '/home/moritz/slam_sim_ws/install/slam_playground/bin'
[3.626s] Level 1:colcon.colcon_core.environment:create_environment_scripts_only(slam_playground)
[3.627s] INFO:colcon.colcon_core.shell:Creating package script '/home/moritz/slam_sim_ws/install/slam_playground/share/slam_playground/package.ps1'
[3.629s] INFO:colcon.colcon_core.shell:Creating package descriptor '/home/moritz/slam_sim_ws/install/slam_playground/share/slam_playground/package.dsv'
[3.630s] INFO:colcon.colcon_core.shell:Creating package script '/home/moritz/slam_sim_ws/install/slam_playground/share/slam_playground/package.sh'
[3.632s] INFO:colcon.colcon_core.shell:Creating package script '/home/moritz/slam_sim_ws/install/slam_playground/share/slam_playground/package.bash'
[3.633s] INFO:colcon.colcon_core.shell:Creating package script '/home/moritz/slam_sim_ws/install/slam_playground/share/slam_playground/package.zsh'
[3.634s] Level 1:colcon.colcon_core.environment:create_file_with_runtime_dependencies(/home/moritz/slam_sim_ws/install/slam_playground/share/colcon-core/packages/slam_playground)
[3.635s] DEBUG:colcon.colcon_parallel_executor.executor.parallel:closing loop
[3.636s] DEBUG:colcon.colcon_parallel_executor.executor.parallel:loop closed
[3.637s] DEBUG:colcon.colcon_parallel_executor.executor.parallel:run_until_complete finished with '0'
[3.637s] DEBUG:colcon.colcon_core.event_reactor:joining thread
[3.761s] INFO:colcon.colcon_core.plugin_system:Skipping extension 'colcon_notification.desktop_notification.notify_send': Could not find 'notify-send'
[3.761s] INFO:colcon.colcon_core.plugin_system:Skipping extension 'colcon_notification.desktop_notification.terminal_notifier': Not used on non-Darwin systems
[3.761s] INFO:colcon.colcon_core.plugin_system:Skipping extension 'colcon_notification.desktop_notification.win32': Not used on non-Windows systems
[3.761s] INFO:colcon.colcon_notification.desktop_notification:Sending desktop notification using 'notify2'
[3.771s] DEBUG:colcon.colcon_notification.desktop_notification.notify2:Failed to initialize notify2: org.freedesktop.DBus.Error.ServiceUnknown: The name org.freedesktop.Notifications was not provided by any .service files
[3.771s] DEBUG:colcon.colcon_core.event_reactor:joined thread
[3.772s] INFO:colcon.colcon_core.shell:Creating prefix script '/home/moritz/slam_sim_ws/install/local_setup.ps1'
[3.773s] INFO:colcon.colcon_core.shell:Creating prefix util module '/home/moritz/slam_sim_ws/install/_local_setup_util_ps1.py'
[3.775s] INFO:colcon.colcon_core.shell:Creating prefix chain script '/home/moritz/slam_sim_ws/install/setup.ps1'
[3.777s] INFO:colcon.colcon_core.shell:Creating prefix script '/home/moritz/slam_sim_ws/install/local_setup.sh'
[3.778s] INFO:colcon.colcon_core.shell:Creating prefix util module '/home/moritz/slam_sim_ws/install/_local_setup_util_sh.py'
[3.779s] INFO:colcon.colcon_core.shell:Creating prefix chain script '/home/moritz/slam_sim_ws/install/setup.sh'
[3.781s] INFO:colcon.colcon_core.shell:Creating prefix script '/home/moritz/slam_sim_ws/install/local_setup.bash'
[3.782s] INFO:colcon.colcon_core.shell:Creating prefix chain script '/home/moritz/slam_sim_ws/install/setup.bash'
[3.784s] INFO:colcon.colcon_core.shell:Creating prefix script '/home/moritz/slam_sim_ws/install/local_setup.zsh'
[3.785s] INFO:colcon.colcon_core.shell:Creating prefix chain script '/home/moritz/slam_sim_ws/install/setup.zsh'
