[1.986s] Invoking command in '/home/moritz/slam_sim_ws/build/slam_playground': PYTHONPATH=/home/moritz/slam_sim_ws/build/slam_playground/prefix_override:/usr/lib/python3/dist-packages/colcon_core/task/python/colcon_distutils_commands:/home/moritz/slam_sim_ws/install/slam_playground/lib/python3.12/site-packages:${PYTHONPATH} /usr/bin/python3 -W ignore:setup.py install is deprecated -W ignore:easy_install command is deprecated setup.py develop --editable --build-directory /home/moritz/slam_sim_ws/build/slam_playground/build --no-deps symlink_data
[2.591s] running develop
[2.892s] running egg_info
[2.919s] writing slam_playground.egg-info/PKG-INFO
[2.920s] writing dependency_links to slam_playground.egg-info/dependency_links.txt
[2.921s] writing entry points to slam_playground.egg-info/entry_points.txt
[2.922s] writing requirements to slam_playground.egg-info/requires.txt
[2.922s] writing top-level names to slam_playground.egg-info/top_level.txt
[2.982s] reading manifest file 'slam_playground.egg-info/SOURCES.txt'
[2.983s] writing manifest file 'slam_playground.egg-info/SOURCES.txt'
[3.012s] running build_ext
[3.012s] Creating /home/moritz/slam_sim_ws/install/slam_playground/lib/python3.12/site-packages/slam-playground.egg-link (link to .)
[3.013s] Installing fake_laser script to /home/moritz/slam_sim_ws/install/slam_playground/lib/slam_playground
[3.014s] Installing laser_simulator script to /home/moritz/slam_sim_ws/install/slam_playground/lib/slam_playground
[3.014s] Installing robot_motion script to /home/moritz/slam_sim_ws/install/slam_playground/lib/slam_playground
[3.015s] Installing scan_analyzer script to /home/moritz/slam_sim_ws/install/slam_playground/lib/slam_playground
[3.015s] Installing simple_mapper script to /home/moritz/slam_sim_ws/install/slam_playground/lib/slam_playground
[3.015s] Installing simple_mapper_new script to /home/moritz/slam_sim_ws/install/slam_playground/lib/slam_playground
[3.016s] Installing system_check script to /home/moritz/slam_sim_ws/install/slam_playground/lib/slam_playground
[3.016s] 
[3.017s] Installed /home/moritz/slam_sim_ws/build/slam_playground
[3.017s] running symlink_data
[3.083s] Invoked command in '/home/moritz/slam_sim_ws/build/slam_playground' returned '0': PYTHONPATH=/home/moritz/slam_sim_ws/build/slam_playground/prefix_override:/usr/lib/python3/dist-packages/colcon_core/task/python/colcon_distutils_commands:/home/moritz/slam_sim_ws/install/slam_playground/lib/python3.12/site-packages:${PYTHONPATH} /usr/bin/python3 -W ignore:setup.py install is deprecated -W ignore:easy_install command is deprecated setup.py develop --editable --build-directory /home/moritz/slam_sim_ws/build/slam_playground/build --no-deps symlink_data
