[0.722s] DEBUG:colcon:Command line arguments: ['/usr/bin/colcon', 'build', '--symlink-install', '--packages-select', 'slam_playground']
[0.723s] DEBUG:colcon:Parsed command line arguments: Namespace(log_base=None, log_level=None, verb_name='build', build_base='build', install_base='install', merge_install=False, symlink_install=True, test_result_base=None, continue_on_error=False, executor='parallel', parallel_workers=8, event_handlers=None, ignore_user_meta=False, metas=['./colcon.meta'], base_paths=['.'], packages_ignore=None, packages_ignore_regex=None, paths=None, packages_up_to=None, packages_up_to_regex=None, packages_above=None, packages_above_and_dependencies=None, packages_above_depth=None, packages_select_by_dep=None, packages_skip_by_dep=None, packages_skip_up_to=None, packages_select_build_failed=False, packages_skip_build_finished=False, packages_select_test_failures=False, packages_skip_test_passed=False, packages_select=['slam_playground'], packages_skip=None, packages_select_regex=None, packages_skip_regex=None, packages_start=None, packages_end=None, allow_overriding=[], cmake_args=None, cmake_target=None, cmake_target_skip_unavailable=False, cmake_clean_cache=False, cmake_clean_first=False, cmake_force_configure=False, ament_cmake_args=None, catkin_cmake_args=None, catkin_skip_building_tests=False, verb_parser=<colcon_defaults.argument_parser.defaults.DefaultArgumentsDecorator object at 0x7b503ba4ce60>, verb_extension=<colcon_core.verb.build.BuildVerb object at 0x7b503bbf28a0>, main=<bound method BuildVerb.main of <colcon_core.verb.build.BuildVerb object at 0x7b503bbf28a0>>)
[0.877s] Level 1:colcon.colcon_core.package_discovery:discover_packages(colcon_meta) check parameters
[0.877s] Level 1:colcon.colcon_core.package_discovery:discover_packages(recursive) check parameters
[0.877s] Level 1:colcon.colcon_core.package_discovery:discover_packages(ignore) check parameters
[0.877s] Level 1:colcon.colcon_core.package_discovery:discover_packages(path) check parameters
[0.877s] Level 1:colcon.colcon_core.package_discovery:discover_packages(colcon_meta) discover
[0.878s] Level 1:colcon.colcon_core.package_discovery:discover_packages(recursive) discover
[0.878s] INFO:colcon.colcon_core.package_discovery:Crawling recursively for packages in '/home/moritz/slam_sim_ws'
[0.878s] Level 1:colcon.colcon_core.package_identification:_identify(.) by extensions ['ignore', 'ignore_ament_install']
[0.878s] Level 1:colcon.colcon_core.package_identification:_identify(.) by extension 'ignore'
[0.878s] Level 1:colcon.colcon_core.package_identification:_identify(.) by extension 'ignore_ament_install'
[0.878s] Level 1:colcon.colcon_core.package_identification:_identify(.) by extensions ['colcon_pkg']
[0.878s] Level 1:colcon.colcon_core.package_identification:_identify(.) by extension 'colcon_pkg'
[0.879s] Level 1:colcon.colcon_core.package_identification:_identify(.) by extensions ['colcon_meta']
[0.879s] Level 1:colcon.colcon_core.package_identification:_identify(.) by extension 'colcon_meta'
[0.879s] Level 1:colcon.colcon_core.package_identification:_identify(.) by extensions ['ros']
[0.879s] Level 1:colcon.colcon_core.package_identification:_identify(.) by extension 'ros'
[0.945s] Level 1:colcon.colcon_core.package_identification:_identify(.) by extensions ['cmake', 'python']
[0.945s] Level 1:colcon.colcon_core.package_identification:_identify(.) by extension 'cmake'
[0.945s] Level 1:colcon.colcon_core.package_identification:_identify(.) by extension 'python'
[0.945s] Level 1:colcon.colcon_core.package_identification:_identify(.) by extensions ['python_setup_py']
[0.945s] Level 1:colcon.colcon_core.package_identification:_identify(.) by extension 'python_setup_py'
[0.946s] Level 1:colcon.colcon_core.package_identification:_identify(build) by extensions ['ignore', 'ignore_ament_install']
[0.946s] Level 1:colcon.colcon_core.package_identification:_identify(build) by extension 'ignore'
[0.946s] Level 1:colcon.colcon_core.package_identification:_identify(build) ignored
[0.947s] Level 1:colcon.colcon_core.package_identification:_identify(install) by extensions ['ignore', 'ignore_ament_install']
[0.947s] Level 1:colcon.colcon_core.package_identification:_identify(install) by extension 'ignore'
[0.947s] Level 1:colcon.colcon_core.package_identification:_identify(install) ignored
[0.948s] Level 1:colcon.colcon_core.package_identification:_identify(log) by extensions ['ignore', 'ignore_ament_install']
[0.948s] Level 1:colcon.colcon_core.package_identification:_identify(log) by extension 'ignore'
[0.948s] Level 1:colcon.colcon_core.package_identification:_identify(log) ignored
[0.948s] Level 1:colcon.colcon_core.package_identification:_identify(src) by extensions ['ignore', 'ignore_ament_install']
[0.948s] Level 1:colcon.colcon_core.package_identification:_identify(src) by extension 'ignore'
[0.948s] Level 1:colcon.colcon_core.package_identification:_identify(src) by extension 'ignore_ament_install'
[0.948s] Level 1:colcon.colcon_core.package_identification:_identify(src) by extensions ['colcon_pkg']
[0.948s] Level 1:colcon.colcon_core.package_identification:_identify(src) by extension 'colcon_pkg'
[0.948s] Level 1:colcon.colcon_core.package_identification:_identify(src) by extensions ['colcon_meta']
[0.948s] Level 1:colcon.colcon_core.package_identification:_identify(src) by extension 'colcon_meta'
[0.949s] Level 1:colcon.colcon_core.package_identification:_identify(src) by extensions ['ros']
[0.949s] Level 1:colcon.colcon_core.package_identification:_identify(src) by extension 'ros'
[0.949s] Level 1:colcon.colcon_core.package_identification:_identify(src) by extensions ['cmake', 'python']
[0.949s] Level 1:colcon.colcon_core.package_identification:_identify(src) by extension 'cmake'
[0.949s] Level 1:colcon.colcon_core.package_identification:_identify(src) by extension 'python'
[0.949s] Level 1:colcon.colcon_core.package_identification:_identify(src) by extensions ['python_setup_py']
[0.949s] Level 1:colcon.colcon_core.package_identification:_identify(src) by extension 'python_setup_py'
[0.949s] Level 1:colcon.colcon_core.package_identification:_identify(src/slam_playground) by extensions ['ignore', 'ignore_ament_install']
[0.949s] Level 1:colcon.colcon_core.package_identification:_identify(src/slam_playground) by extension 'ignore'
[0.950s] Level 1:colcon.colcon_core.package_identification:_identify(src/slam_playground) by extension 'ignore_ament_install'
[0.950s] Level 1:colcon.colcon_core.package_identification:_identify(src/slam_playground) by extensions ['colcon_pkg']
[0.950s] Level 1:colcon.colcon_core.package_identification:_identify(src/slam_playground) by extension 'colcon_pkg'
[0.950s] Level 1:colcon.colcon_core.package_identification:_identify(src/slam_playground) by extensions ['colcon_meta']
[0.950s] Level 1:colcon.colcon_core.package_identification:_identify(src/slam_playground) by extension 'colcon_meta'
[0.950s] Level 1:colcon.colcon_core.package_identification:_identify(src/slam_playground) by extensions ['ros']
[0.950s] Level 1:colcon.colcon_core.package_identification:_identify(src/slam_playground) by extension 'ros'
[0.957s] DEBUG:colcon.colcon_core.package_identification:Package 'src/slam_playground' with type 'ros.ament_python' and name 'slam_playground'
[0.957s] Level 1:colcon.colcon_core.package_discovery:discover_packages(recursive) using defaults
[0.957s] Level 1:colcon.colcon_core.package_discovery:discover_packages(ignore) discover
[0.957s] Level 1:colcon.colcon_core.package_discovery:discover_packages(ignore) using defaults
[0.957s] Level 1:colcon.colcon_core.package_discovery:discover_packages(path) discover
[0.958s] Level 1:colcon.colcon_core.package_discovery:discover_packages(path) using defaults
[1.017s] Level 1:colcon.colcon_core.package_discovery:discover_packages(prefix_path) check parameters
[1.018s] Level 1:colcon.colcon_core.package_discovery:discover_packages(prefix_path) discover
[1.026s] DEBUG:colcon.colcon_installed_package_information.package_discovery:Found 1 installed packages in /home/moritz/slam_sim_ws/install
[1.030s] DEBUG:colcon.colcon_installed_package_information.package_discovery:Found 287 installed packages in /opt/ros/jazzy
[1.032s] Level 1:colcon.colcon_core.package_discovery:discover_packages(prefix_path) using defaults
[1.256s] Level 5:colcon.colcon_core.verb:set package 'slam_playground' build argument 'cmake_args' from command line to 'None'
[1.257s] Level 5:colcon.colcon_core.verb:set package 'slam_playground' build argument 'cmake_target' from command line to 'None'
[1.257s] Level 5:colcon.colcon_core.verb:set package 'slam_playground' build argument 'cmake_target_skip_unavailable' from command line to 'False'
[1.257s] Level 5:colcon.colcon_core.verb:set package 'slam_playground' build argument 'cmake_clean_cache' from command line to 'False'
[1.257s] Level 5:colcon.colcon_core.verb:set package 'slam_playground' build argument 'cmake_clean_first' from command line to 'False'
[1.257s] Level 5:colcon.colcon_core.verb:set package 'slam_playground' build argument 'cmake_force_configure' from command line to 'False'
[1.257s] Level 5:colcon.colcon_core.verb:set package 'slam_playground' build argument 'ament_cmake_args' from command line to 'None'
[1.257s] Level 5:colcon.colcon_core.verb:set package 'slam_playground' build argument 'catkin_cmake_args' from command line to 'None'
[1.258s] Level 5:colcon.colcon_core.verb:set package 'slam_playground' build argument 'catkin_skip_building_tests' from command line to 'False'
[1.258s] DEBUG:colcon.colcon_core.verb:Building package 'slam_playground' with the following arguments: {'ament_cmake_args': None, 'build_base': '/home/moritz/slam_sim_ws/build/slam_playground', 'catkin_cmake_args': None, 'catkin_skip_building_tests': False, 'cmake_args': None, 'cmake_clean_cache': False, 'cmake_clean_first': False, 'cmake_force_configure': False, 'cmake_target': None, 'cmake_target_skip_unavailable': False, 'install_base': '/home/moritz/slam_sim_ws/install/slam_playground', 'merge_install': False, 'path': '/home/moritz/slam_sim_ws/src/slam_playground', 'symlink_install': True, 'test_result_base': None}
[1.258s] INFO:colcon.colcon_core.executor:Executing jobs using 'parallel' executor
[1.260s] DEBUG:colcon.colcon_parallel_executor.executor.parallel:run_until_complete
[1.260s] INFO:colcon.colcon_ros.task.ament_python.build:Building ROS package in '/home/moritz/slam_sim_ws/src/slam_playground' with build type 'ament_python'
[1.260s] Level 1:colcon.colcon_core.shell:create_environment_hook('slam_playground', 'ament_prefix_path')
[1.270s] INFO:colcon.colcon_core.plugin_system:Skipping extension 'colcon_core.shell.bat': Not used on non-Windows systems
[1.271s] INFO:colcon.colcon_core.shell:Creating environment hook '/home/moritz/slam_sim_ws/install/slam_playground/share/slam_playground/hook/ament_prefix_path.ps1'
[1.274s] INFO:colcon.colcon_core.shell:Creating environment descriptor '/home/moritz/slam_sim_ws/install/slam_playground/share/slam_playground/hook/ament_prefix_path.dsv'
[1.277s] INFO:colcon.colcon_core.shell:Creating environment hook '/home/moritz/slam_sim_ws/install/slam_playground/share/slam_playground/hook/ament_prefix_path.sh'
[1.278s] INFO:colcon.colcon_core.shell:Skip shell extension 'powershell' for command environment: Not usable outside of PowerShell
[1.279s] DEBUG:colcon.colcon_core.shell:Skip shell extension 'dsv' for command environment
[1.736s] INFO:colcon.colcon_core.task.python.build:Building Python package in '/home/moritz/slam_sim_ws/src/slam_playground'
[1.737s] INFO:colcon.colcon_core.shell:Skip shell extension 'powershell' for command environment: Not usable outside of PowerShell
[1.737s] DEBUG:colcon.colcon_core.shell:Skip shell extension 'dsv' for command environment
[3.229s] DEBUG:colcon.colcon_core.task.python.build:Available setuptools commands: bdist_rpm, upload, update_catalog, compile_catalog, bdist_dumb, build_clib, build_scripts, rotate, install_lib, editable_wheel, build_py, build_ext, egg_info, upload_docs, init_catalog, bdist, check, alias, setopt, install, easy_install, clean, install_scripts, symlink_data, saveopts, dist_info, build, develop, register, install_egg_info, extract_messages, install_headers, sdist, bdist_egg, test, install_data
[3.843s] DEBUG:colcon.colcon_core.task.python.build:Available setuptools 'develop' options: --uninstall, --user, --no-user-cfg, --exclude-scripts, --egg-path, --no-deps, --help, --no-find-links, --quiet, --prefix, --editable, --always-unzip, --find-links, --force-installation-into-system-dir, --record, --zip-ok, --script-dir, --site-dirs, --local-snapshots-ok, --verbose, --upgrade, --index-url, --allow-hosts, --build-directory, --always-copy, --version, --multi-version, --install-dir, --install-layout, --dry-run, --optimize
[3.849s] DEBUG:colcon.colcon_core.event_handler.log_command:Invoking command in '/home/moritz/slam_sim_ws/build/slam_playground': PYTHONPATH=/home/moritz/slam_sim_ws/build/slam_playground/prefix_override:/usr/lib/python3/dist-packages/colcon_core/task/python/colcon_distutils_commands:/home/moritz/slam_sim_ws/install/slam_playground/lib/python3.12/site-packages:${PYTHONPATH} /usr/bin/python3 -W ignore:setup.py install is deprecated -W ignore:easy_install command is deprecated setup.py develop --editable --build-directory /home/moritz/slam_sim_ws/build/slam_playground/build --no-deps symlink_data
[4.883s] Level 1:colcon.colcon_core.shell:create_environment_hook('slam_playground', 'pythonpath_develop')
[4.883s] INFO:colcon.colcon_core.shell:Creating environment hook '/home/moritz/slam_sim_ws/build/slam_playground/share/slam_playground/hook/pythonpath_develop.ps1'
[4.884s] DEBUG:colcon.colcon_core.event_handler.log_command:Invoked command in '/home/moritz/slam_sim_ws/build/slam_playground' returned '0': PYTHONPATH=/home/moritz/slam_sim_ws/build/slam_playground/prefix_override:/usr/lib/python3/dist-packages/colcon_core/task/python/colcon_distutils_commands:/home/moritz/slam_sim_ws/install/slam_playground/lib/python3.12/site-packages:${PYTHONPATH} /usr/bin/python3 -W ignore:setup.py install is deprecated -W ignore:easy_install command is deprecated setup.py develop --editable --build-directory /home/moritz/slam_sim_ws/build/slam_playground/build --no-deps symlink_data
[4.885s] INFO:colcon.colcon_core.shell:Creating environment descriptor '/home/moritz/slam_sim_ws/build/slam_playground/share/slam_playground/hook/pythonpath_develop.dsv'
[4.886s] INFO:colcon.colcon_core.shell:Creating environment hook '/home/moritz/slam_sim_ws/build/slam_playground/share/slam_playground/hook/pythonpath_develop.sh'
[4.896s] Level 1:colcon.colcon_core.environment:checking '/home/moritz/slam_sim_ws/install/slam_playground' for CMake module files
[4.897s] Level 1:colcon.colcon_core.environment:checking '/home/moritz/slam_sim_ws/install/slam_playground' for CMake config files
[4.902s] Level 1:colcon.colcon_core.environment:checking '/home/moritz/slam_sim_ws/install/slam_playground/lib'
[4.902s] Level 1:colcon.colcon_core.environment:checking '/home/moritz/slam_sim_ws/install/slam_playground/bin'
[4.902s] Level 1:colcon.colcon_core.environment:checking '/home/moritz/slam_sim_ws/install/slam_playground/lib/pkgconfig/slam_playground.pc'
[4.903s] Level 1:colcon.colcon_core.environment:checking '/home/moritz/slam_sim_ws/install/slam_playground/lib/python3.12/site-packages'
[4.904s] Level 1:colcon.colcon_core.shell:create_environment_hook('slam_playground', 'pythonpath')
[4.904s] INFO:colcon.colcon_core.shell:Creating environment hook '/home/moritz/slam_sim_ws/install/slam_playground/share/slam_playground/hook/pythonpath.ps1'
[4.905s] INFO:colcon.colcon_core.shell:Creating environment descriptor '/home/moritz/slam_sim_ws/install/slam_playground/share/slam_playground/hook/pythonpath.dsv'
[4.905s] INFO:colcon.colcon_core.shell:Creating environment hook '/home/moritz/slam_sim_ws/install/slam_playground/share/slam_playground/hook/pythonpath.sh'
[4.907s] Level 1:colcon.colcon_core.environment:checking '/home/moritz/slam_sim_ws/install/slam_playground/bin'
[4.907s] Level 1:colcon.colcon_core.environment:create_environment_scripts_only(slam_playground)
[4.907s] INFO:colcon.colcon_core.shell:Creating package script '/home/moritz/slam_sim_ws/install/slam_playground/share/slam_playground/package.ps1'
[4.910s] INFO:colcon.colcon_core.shell:Creating package descriptor '/home/moritz/slam_sim_ws/install/slam_playground/share/slam_playground/package.dsv'
[4.911s] INFO:colcon.colcon_core.shell:Creating package script '/home/moritz/slam_sim_ws/install/slam_playground/share/slam_playground/package.sh'
[4.913s] INFO:colcon.colcon_core.shell:Creating package script '/home/moritz/slam_sim_ws/install/slam_playground/share/slam_playground/package.bash'
[4.914s] INFO:colcon.colcon_core.shell:Creating package script '/home/moritz/slam_sim_ws/install/slam_playground/share/slam_playground/package.zsh'
[4.916s] Level 1:colcon.colcon_core.environment:create_file_with_runtime_dependencies(/home/moritz/slam_sim_ws/install/slam_playground/share/colcon-core/packages/slam_playground)
[4.916s] DEBUG:colcon.colcon_parallel_executor.executor.parallel:closing loop
[4.918s] DEBUG:colcon.colcon_parallel_executor.executor.parallel:loop closed
[4.918s] DEBUG:colcon.colcon_parallel_executor.executor.parallel:run_until_complete finished with '0'
[4.919s] DEBUG:colcon.colcon_core.event_reactor:joining thread
[5.076s] INFO:colcon.colcon_core.plugin_system:Skipping extension 'colcon_notification.desktop_notification.notify_send': Could not find 'notify-send'
[5.076s] INFO:colcon.colcon_core.plugin_system:Skipping extension 'colcon_notification.desktop_notification.terminal_notifier': Not used on non-Darwin systems
[5.077s] INFO:colcon.colcon_core.plugin_system:Skipping extension 'colcon_notification.desktop_notification.win32': Not used on non-Windows systems
[5.077s] INFO:colcon.colcon_notification.desktop_notification:Sending desktop notification using 'notify2'
[5.097s] DEBUG:colcon.colcon_notification.desktop_notification.notify2:Failed to initialize notify2: org.freedesktop.DBus.Error.ServiceUnknown: The name org.freedesktop.Notifications was not provided by any .service files
[5.097s] DEBUG:colcon.colcon_core.event_reactor:joined thread
[5.098s] INFO:colcon.colcon_core.shell:Creating prefix script '/home/moritz/slam_sim_ws/install/local_setup.ps1'
[5.100s] INFO:colcon.colcon_core.shell:Creating prefix util module '/home/moritz/slam_sim_ws/install/_local_setup_util_ps1.py'
[5.102s] INFO:colcon.colcon_core.shell:Creating prefix chain script '/home/moritz/slam_sim_ws/install/setup.ps1'
[5.104s] INFO:colcon.colcon_core.shell:Creating prefix script '/home/moritz/slam_sim_ws/install/local_setup.sh'
[5.105s] INFO:colcon.colcon_core.shell:Creating prefix util module '/home/moritz/slam_sim_ws/install/_local_setup_util_sh.py'
[5.107s] INFO:colcon.colcon_core.shell:Creating prefix chain script '/home/moritz/slam_sim_ws/install/setup.sh'
[5.109s] INFO:colcon.colcon_core.shell:Creating prefix script '/home/moritz/slam_sim_ws/install/local_setup.bash'
[5.110s] INFO:colcon.colcon_core.shell:Creating prefix chain script '/home/moritz/slam_sim_ws/install/setup.bash'
[5.112s] INFO:colcon.colcon_core.shell:Creating prefix script '/home/moritz/slam_sim_ws/install/local_setup.zsh'
[5.114s] INFO:colcon.colcon_core.shell:Creating prefix chain script '/home/moritz/slam_sim_ws/install/setup.zsh'
