[1.867s] Invoking command in '/home/moritz/slam_sim_ws/build/slam_playground': PYTHONPATH=/home/moritz/slam_sim_ws/build/slam_playground/prefix_override:/usr/lib/python3/dist-packages/colcon_core/task/python/colcon_distutils_commands:/home/moritz/slam_sim_ws/install/slam_playground/lib/python3.12/site-packages:${PYTHONPATH} /usr/bin/python3 -W ignore:setup.py install is deprecated -W ignore:easy_install command is deprecated setup.py develop --editable --build-directory /home/moritz/slam_sim_ws/build/slam_playground/build --no-deps symlink_data
[2.367s] running develop
[2.670s] running egg_info
[2.702s] writing slam_playground.egg-info/PKG-INFO
[2.703s] writing dependency_links to slam_playground.egg-info/dependency_links.txt
[2.703s] writing entry points to slam_playground.egg-info/entry_points.txt
[2.704s] writing requirements to slam_playground.egg-info/requires.txt
[2.704s] writing top-level names to slam_playground.egg-info/top_level.txt
[2.774s] reading manifest file 'slam_playground.egg-info/SOURCES.txt'
[2.776s] writing manifest file 'slam_playground.egg-info/SOURCES.txt'
[2.808s] running build_ext
[2.809s] Creating /home/moritz/slam_sim_ws/install/slam_playground/lib/python3.12/site-packages/slam-playground.egg-link (link to .)
[2.809s] Installing fake_laser script to /home/moritz/slam_sim_ws/install/slam_playground/lib/slam_playground
[2.810s] Installing laser_simulator script to /home/moritz/slam_sim_ws/install/slam_playground/lib/slam_playground
[2.810s] Installing robot_motion script to /home/moritz/slam_sim_ws/install/slam_playground/lib/slam_playground
[2.811s] Installing scan_analyzer script to /home/moritz/slam_sim_ws/install/slam_playground/lib/slam_playground
[2.812s] Installing simple_mapper script to /home/moritz/slam_sim_ws/install/slam_playground/lib/slam_playground
[2.812s] Installing simple_mapper_new script to /home/moritz/slam_sim_ws/install/slam_playground/lib/slam_playground
[2.812s] Installing system_check script to /home/moritz/slam_sim_ws/install/slam_playground/lib/slam_playground
[2.812s] 
[2.813s] Installed /home/moritz/slam_sim_ws/build/slam_playground
[2.813s] running symlink_data
[2.879s] Invoked command in '/home/moritz/slam_sim_ws/build/slam_playground' returned '0': PYTHONPATH=/home/moritz/slam_sim_ws/build/slam_playground/prefix_override:/usr/lib/python3/dist-packages/colcon_core/task/python/colcon_distutils_commands:/home/moritz/slam_sim_ws/install/slam_playground/lib/python3.12/site-packages:${PYTHONPATH} /usr/bin/python3 -W ignore:setup.py install is deprecated -W ignore:easy_install command is deprecated setup.py develop --editable --build-directory /home/moritz/slam_sim_ws/build/slam_playground/build --no-deps symlink_data
