[3.016s] Invoking command in '/home/moritz/slam_sim_ws/build/slam_playground': PYTHONPATH=/home/moritz/slam_sim_ws/build/slam_playground/prefix_override:/usr/lib/python3/dist-packages/colcon_core/task/python/colcon_distutils_commands:/home/moritz/slam_sim_ws/install/slam_playground/lib/python3.12/site-packages: /usr/bin/python3 -W ignore:setup.py install is deprecated -W ignore:easy_install command is deprecated setup.py develop --editable --build-directory /home/moritz/slam_sim_ws/build/slam_playground/build --no-deps symlink_data
[3.718s] running develop
[4.012s] running egg_info
[4.042s] writing slam_playground.egg-info/PKG-INFO
[4.044s] writing dependency_links to slam_playground.egg-info/dependency_links.txt
[4.045s] writing entry points to slam_playground.egg-info/entry_points.txt
[4.046s] writing requirements to slam_playground.egg-info/requires.txt
[4.047s] writing top-level names to slam_playground.egg-info/top_level.txt
[4.106s] reading manifest file 'slam_playground.egg-info/SOURCES.txt'
[4.109s] writing manifest file 'slam_playground.egg-info/SOURCES.txt'
[4.139s] running build_ext
[4.140s] Creating /home/moritz/slam_sim_ws/install/slam_playground/lib/python3.12/site-packages/slam-playground.egg-link (link to .)
[4.141s] Installing fake_laser script to /home/moritz/slam_sim_ws/install/slam_playground/lib/slam_playground
[4.145s] Installing laser_simulator script to /home/moritz/slam_sim_ws/install/slam_playground/lib/slam_playground
[4.146s] Installing robot_motion script to /home/moritz/slam_sim_ws/install/slam_playground/lib/slam_playground
[4.147s] Installing scan_analyzer script to /home/moritz/slam_sim_ws/install/slam_playground/lib/slam_playground
[4.149s] Installing simple_mapper script to /home/moritz/slam_sim_ws/install/slam_playground/lib/slam_playground
[4.150s] Installing simple_mapper_new script to /home/moritz/slam_sim_ws/install/slam_playground/lib/slam_playground
[4.151s] Installing system_check script to /home/moritz/slam_sim_ws/install/slam_playground/lib/slam_playground
[4.153s] 
[4.153s] Installed /home/moritz/slam_sim_ws/build/slam_playground
[4.154s] running symlink_data
[4.239s] Invoked command in '/home/moritz/slam_sim_ws/build/slam_playground' returned '0': PYTHONPATH=/home/moritz/slam_sim_ws/build/slam_playground/prefix_override:/usr/lib/python3/dist-packages/colcon_core/task/python/colcon_distutils_commands:/home/moritz/slam_sim_ws/install/slam_playground/lib/python3.12/site-packages: /usr/bin/python3 -W ignore:setup.py install is deprecated -W ignore:easy_install command is deprecated setup.py develop --editable --build-directory /home/moritz/slam_sim_ws/build/slam_playground/build --no-deps symlink_data
