running develop
running egg_info
creating slam_playground.egg-info
writing slam_playground.egg-info/PKG-INFO
writing dependency_links to slam_playground.egg-info/dependency_links.txt
writing entry points to slam_playground.egg-info/entry_points.txt
writing requirements to slam_playground.egg-info/requires.txt
writing top-level names to slam_playground.egg-info/top_level.txt
writing manifest file 'slam_playground.egg-info/SOURCES.txt'
reading manifest file 'slam_playground.egg-info/SOURCES.txt'
writing manifest file 'slam_playground.egg-info/SOURCES.txt'
running build_ext
Creating /home/moritz/slam_sim_ws/install/slam_playground/lib/python3.12/site-packages/slam-playground.egg-link (link to .)
Installing fake_laser script to /home/moritz/slam_sim_ws/install/slam_playground/lib/slam_playground
Installing fake_laser_moving script to /home/moritz/slam_sim_ws/install/slam_playground/lib/slam_playground
Installing scan_analyzer script to /home/moritz/slam_sim_ws/install/slam_playground/lib/slam_playground
Installing simple_mapper script to /home/moritz/slam_sim_ws/install/slam_playground/lib/slam_playground
Installing simple_mapper_with_odom script to /home/moritz/slam_sim_ws/install/slam_playground/lib/slam_playground
Installing system_check script to /home/moritz/slam_sim_ws/install/slam_playground/lib/slam_playground

Installed /home/moritz/slam_sim_ws/build/slam_playground
running symlink_data
creating /home/moritz/slam_sim_ws/install/slam_playground/share/ament_index
creating /home/moritz/slam_sim_ws/install/slam_playground/share/ament_index/resource_index
creating /home/moritz/slam_sim_ws/install/slam_playground/share/ament_index/resource_index/packages
symbolically linking /home/moritz/slam_sim_ws/build/slam_playground/resource/slam_playground -> /home/moritz/slam_sim_ws/install/slam_playground/share/ament_index/resource_index/packages
symbolically linking /home/moritz/slam_sim_ws/build/slam_playground/package.xml -> /home/moritz/slam_sim_ws/install/slam_playground/share/slam_playground
