[1.107s] Invoking command in '/home/moritz/slam_sim_ws/build/slam_playground': PYTHONPATH=/home/moritz/slam_sim_ws/build/slam_playground/prefix_override:/usr/lib/python3/dist-packages/colcon_core/task/python/colcon_distutils_commands:/home/moritz/slam_sim_ws/install/slam_playground/lib/python3.12/site-packages:${PYTHONPATH} /usr/bin/python3 -W ignore:setup.py install is deprecated -W ignore:easy_install command is deprecated setup.py develop --editable --build-directory /home/moritz/slam_sim_ws/build/slam_playground/build --no-deps symlink_data
[1.394s] running develop
[1.582s] running egg_info
[1.582s] creating slam_playground.egg-info
[1.599s] writing slam_playground.egg-info/PKG-INFO
[1.599s] writing dependency_links to slam_playground.egg-info/dependency_links.txt
[1.600s] writing entry points to slam_playground.egg-info/entry_points.txt
[1.600s] writing requirements to slam_playground.egg-info/requires.txt
[1.600s] writing top-level names to slam_playground.egg-info/top_level.txt
[1.600s] writing manifest file 'slam_playground.egg-info/SOURCES.txt'
[1.634s] reading manifest file 'slam_playground.egg-info/SOURCES.txt'
[1.635s] writing manifest file 'slam_playground.egg-info/SOURCES.txt'
[1.652s] running build_ext
[1.652s] Creating /home/moritz/slam_sim_ws/install/slam_playground/lib/python3.12/site-packages/slam-playground.egg-link (link to .)
[1.653s] Installing fake_laser script to /home/moritz/slam_sim_ws/install/slam_playground/lib/slam_playground
[1.654s] Installing fake_laser_moving script to /home/moritz/slam_sim_ws/install/slam_playground/lib/slam_playground
[1.654s] Installing scan_analyzer script to /home/moritz/slam_sim_ws/install/slam_playground/lib/slam_playground
[1.655s] Installing simple_mapper script to /home/moritz/slam_sim_ws/install/slam_playground/lib/slam_playground
[1.655s] Installing simple_mapper_with_odom script to /home/moritz/slam_sim_ws/install/slam_playground/lib/slam_playground
[1.655s] Installing system_check script to /home/moritz/slam_sim_ws/install/slam_playground/lib/slam_playground
[1.655s] 
[1.655s] Installed /home/moritz/slam_sim_ws/build/slam_playground
[1.656s] running symlink_data
[1.656s] creating /home/moritz/slam_sim_ws/install/slam_playground/share/ament_index
[1.656s] creating /home/moritz/slam_sim_ws/install/slam_playground/share/ament_index/resource_index
[1.656s] creating /home/moritz/slam_sim_ws/install/slam_playground/share/ament_index/resource_index/packages
[1.656s] symbolically linking /home/moritz/slam_sim_ws/build/slam_playground/resource/slam_playground -> /home/moritz/slam_sim_ws/install/slam_playground/share/ament_index/resource_index/packages
[1.656s] symbolically linking /home/moritz/slam_sim_ws/build/slam_playground/package.xml -> /home/moritz/slam_sim_ws/install/slam_playground/share/slam_playground
[1.701s] Invoked command in '/home/moritz/slam_sim_ws/build/slam_playground' returned '0': PYTHONPATH=/home/moritz/slam_sim_ws/build/slam_playground/prefix_override:/usr/lib/python3/dist-packages/colcon_core/task/python/colcon_distutils_commands:/home/moritz/slam_sim_ws/install/slam_playground/lib/python3.12/site-packages:${PYTHONPATH} /usr/bin/python3 -W ignore:setup.py install is deprecated -W ignore:easy_install command is deprecated setup.py develop --editable --build-directory /home/moritz/slam_sim_ws/build/slam_playground/build --no-deps symlink_data
